Jul 31 10:30:47 lokeshwar-VirtualBox kernel: Linux version 6.14.0-24-generic (buildd@lcy02-amd64-010) (x86_64-linux-gnu-gcc-13 (Ubuntu 13.3.0-6ubuntu2~24.04) 13.3.0, GNU ld (GNU Binutils for Ubuntu) 2.42) #24~24.04.3-Ubuntu SMP PREEMPT_DYNAMIC Mon Jul  7 16:39:17 UTC 2 (Ubuntu 6.14.0-24.24~24.04.3-generic 6.14.6)
Jul 31 10:30:47 lokeshwar-VirtualBox kernel: Command line: BOOT_IMAGE=/boot/vmlinuz-6.14.0-24-generic root=UUID=bb8ce4b7-2af6-4496-aee7-7aab5227527b ro quiet splash
Jul 31 10:30:47 lokeshwar-VirtualBox kernel: KERNEL supported cpus:
Jul 31 10:30:47 lokeshwar-VirtualBox kernel:   Intel GenuineIntel
Jul 31 10:30:47 lokeshwar-VirtualBox kernel:   AMD AuthenticAMD
Jul 31 10:30:47 lokeshwar-VirtualBox kernel:   Hygon HygonGenuine
Jul 31 10:30:47 lokeshwar-VirtualBox kernel:   Centaur CentaurHauls
Jul 31 10:30:47 lokeshwar-VirtualBox kernel:   zhaoxin   Shanghai  
Jul 31 10:30:47 lokeshwar-VirtualBox kernel: [Firmware Bug]: TSC doesn't count with P0 frequency!
Jul 31 10:30:47 lokeshwar-VirtualBox kernel: BIOS-provided physical RAM map:
Jul 31 10:30:47 lokeshwar-VirtualBox kernel: BIOS-e820: [mem 0x0000000000000000-0x000000000009fbff] usable
Jul 31 10:30:47 lokeshwar-VirtualBox kernel: BIOS-e820: [mem 0x000000000009fc00-0x000000000009ffff] reserved
Jul 31 10:30:47 lokeshwar-VirtualBox kernel: BIOS-e820: [mem 0x00000000000f0000-0x00000000000fffff] reserved
Jul 31 10:30:47 lokeshwar-VirtualBox kernel: BIOS-e820: [mem 0x0000000000100000-0x00000000dffeffff] usable
Jul 31 10:30:47 lokeshwar-VirtualBox kernel: BIOS-e820: [mem 0x00000000dfff0000-0x00000000dfffffff] ACPI data
Jul 31 10:30:47 lokeshwar-VirtualBox kernel: BIOS-e820: [mem 0x00000000fec00000-0x00000000fec00fff] reserved
Jul 31 10:30:47 lokeshwar-VirtualBox kernel: BIOS-e820: [mem 0x00000000fee00000-0x00000000fee00fff] reserved
Jul 31 10:30:47 lokeshwar-VirtualBox kernel: BIOS-e820: [mem 0x00000000fffc0000-0x00000000ffffffff] reserved
Jul 31 10:30:47 lokeshwar-VirtualBox kernel: BIOS-e820: [mem 0x0000000100000000-0x000000011fffffff] usable
Jul 31 10:30:47 lokeshwar-VirtualBox kernel: NX (Execute Disable) protection: active
Jul 31 10:30:47 lokeshwar-VirtualBox kernel: APIC: Static calls initialized
Jul 31 10:30:47 lokeshwar-VirtualBox kernel: SMBIOS 2.5 present.
Jul 31 10:30:47 lokeshwar-VirtualBox kernel: DMI: innotek GmbH VirtualBox/VirtualBox, BIOS VirtualBox 12/01/2006
Jul 31 10:30:47 lokeshwar-VirtualBox kernel: DMI: Memory slots populated: 0/0
Jul 31 10:30:47 lokeshwar-VirtualBox kernel: Hypervisor detected: KVM
Jul 31 10:30:47 lokeshwar-VirtualBox kernel: kvm-clock: Using msrs 4b564d01 and 4b564d00
Jul 31 10:30:47 lokeshwar-VirtualBox kernel: kvm-clock: using sched offset of 16578484247 cycles
Jul 31 10:30:47 lokeshwar-VirtualBox kernel: clocksource: kvm-clock: mask: 0xffffffffffffffff max_cycles: 0x1cd42e4dffb, max_idle_ns: 881590591483 ns
Jul 31 10:30:47 lokeshwar-VirtualBox kernel: tsc: Detected 2295.624 MHz processor
Jul 31 10:30:47 lokeshwar-VirtualBox kernel: e820: update [mem 0x00000000-0x00000fff] usable ==> reserved
Jul 31 10:30:47 lokeshwar-VirtualBox kernel: e820: remove [mem 0x000a0000-0x000fffff] usable
Jul 31 10:30:47 lokeshwar-VirtualBox kernel: last_pfn = 0x120000 max_arch_pfn = 0x400000000
Jul 31 10:30:47 lokeshwar-VirtualBox kernel: MTRR map: 3 entries (3 fixed + 0 variable; max 19), built from 8 variable MTRRs
Jul 31 10:30:47 lokeshwar-VirtualBox kernel: x86/PAT: Configuration [0-7]: WB  WC  UC- UC  WB  WP  UC- WT  
Jul 31 10:30:47 lokeshwar-VirtualBox kernel: CPU MTRRs all blank - virtualized system.
Jul 31 10:30:47 lokeshwar-VirtualBox kernel: last_pfn = 0xe0000 max_arch_pfn = 0x400000000
Jul 31 10:30:47 lokeshwar-VirtualBox kernel: found SMP MP-table at [mem 0x0009fbf0-0x0009fbff]
Jul 31 10:30:47 lokeshwar-VirtualBox kernel: RAMDISK: [mem 0x2f521000-0x33a87fff]
Jul 31 10:30:47 lokeshwar-VirtualBox kernel: ACPI: Early table checksum verification disabled
Jul 31 10:30:47 lokeshwar-VirtualBox kernel: ACPI: RSDP 0x00000000000E0000 000024 (v02 VBOX  )
Jul 31 10:30:47 lokeshwar-VirtualBox kernel: ACPI: XSDT 0x00000000DFFF0030 00003C (v01 VBOX   VBOXXSDT 00000001 ASL  00000061)
Jul 31 10:30:47 lokeshwar-VirtualBox kernel: ACPI: FACP 0x00000000DFFF00F0 0000F4 (v04 VBOX   VBOXFACP 00000001 ASL  00000061)
Jul 31 10:30:47 lokeshwar-VirtualBox kernel: ACPI: DSDT 0x00000000DFFF0610 002353 (v02 VBOX   VBOXBIOS 00000002 INTL 20100528)
Jul 31 10:30:47 lokeshwar-VirtualBox kernel: ACPI: FACS 0x00000000DFFF0200 000040
Jul 31 10:30:47 lokeshwar-VirtualBox kernel: ACPI: FACS 0x00000000DFFF0200 000040
Jul 31 10:30:47 lokeshwar-VirtualBox kernel: ACPI: APIC 0x00000000DFFF0240 00005C (v02 VBOX   VBOXAPIC 00000001 ASL  00000061)
Jul 31 10:30:47 lokeshwar-VirtualBox kernel: ACPI: SSDT 0x00000000DFFF02A0 00036C (v01 VBOX   VBOXCPUT 00000002 INTL 20100528)
Jul 31 10:30:47 lokeshwar-VirtualBox kernel: ACPI: Reserving FACP table memory at [mem 0xdfff00f0-0xdfff01e3]
Jul 31 10:30:47 lokeshwar-VirtualBox kernel: ACPI: Reserving DSDT table memory at [mem 0xdfff0610-0xdfff2962]
Jul 31 10:30:47 lokeshwar-VirtualBox kernel: ACPI: Reserving FACS table memory at [mem 0xdfff0200-0xdfff023f]
Jul 31 10:30:47 lokeshwar-VirtualBox kernel: ACPI: Reserving FACS table memory at [mem 0xdfff0200-0xdfff023f]
Jul 31 10:30:47 lokeshwar-VirtualBox kernel: ACPI: Reserving APIC table memory at [mem 0xdfff0240-0xdfff029b]
Jul 31 10:30:47 lokeshwar-VirtualBox kernel: ACPI: Reserving SSDT table memory at [mem 0xdfff02a0-0xdfff060b]
Jul 31 10:30:47 lokeshwar-VirtualBox kernel: No NUMA configuration found
Jul 31 10:30:47 lokeshwar-VirtualBox kernel: Faking a node at [mem 0x0000000000000000-0x000000011fffffff]
Jul 31 10:30:47 lokeshwar-VirtualBox kernel: NODE_DATA(0) allocated [mem 0x11ffd1540-0x11fffbfff]
Jul 31 10:30:47 lokeshwar-VirtualBox kernel: Zone ranges:
Jul 31 10:30:47 lokeshwar-VirtualBox kernel:   DMA      [mem 0x0000000000001000-0x0000000000ffffff]
Jul 31 10:30:47 lokeshwar-VirtualBox kernel:   DMA32    [mem 0x0000000001000000-0x00000000ffffffff]
Jul 31 10:30:47 lokeshwar-VirtualBox kernel:   Normal   [mem 0x0000000100000000-0x000000011fffffff]
Jul 31 10:30:47 lokeshwar-VirtualBox kernel:   Device   empty
Jul 31 10:30:47 lokeshwar-VirtualBox kernel: Movable zone start for each node
Jul 31 10:30:47 lokeshwar-VirtualBox kernel: Early memory node ranges
Jul 31 10:30:47 lokeshwar-VirtualBox kernel:   node   0: [mem 0x0000000000001000-0x000000000009efff]
Jul 31 10:30:47 lokeshwar-VirtualBox kernel:   node   0: [mem 0x0000000000100000-0x00000000dffeffff]
Jul 31 10:30:47 lokeshwar-VirtualBox kernel:   node   0: [mem 0x0000000100000000-0x000000011fffffff]
Jul 31 10:30:47 lokeshwar-VirtualBox kernel: Initmem setup node 0 [mem 0x0000000000001000-0x000000011fffffff]
Jul 31 10:30:47 lokeshwar-VirtualBox kernel: On node 0, zone DMA: 1 pages in unavailable ranges
Jul 31 10:30:47 lokeshwar-VirtualBox kernel: On node 0, zone DMA: 97 pages in unavailable ranges
Jul 31 10:30:47 lokeshwar-VirtualBox kernel: On node 0, zone Normal: 16 pages in unavailable ranges
Jul 31 10:30:47 lokeshwar-VirtualBox kernel: ACPI: PM-Timer IO Port: 0x4008
Jul 31 10:30:47 lokeshwar-VirtualBox kernel: IOAPIC[0]: apic_id 2, version 32, address 0xfec00000, GSI 0-23
Jul 31 10:30:47 lokeshwar-VirtualBox kernel: ACPI: INT_SRC_OVR (bus 0 bus_irq 0 global_irq 2 dfl dfl)
Jul 31 10:30:47 lokeshwar-VirtualBox kernel: ACPI: INT_SRC_OVR (bus 0 bus_irq 9 global_irq 9 low level)
Jul 31 10:30:47 lokeshwar-VirtualBox kernel: ACPI: Using ACPI (MADT) for SMP configuration information
Jul 31 10:30:47 lokeshwar-VirtualBox kernel: CPU topo: Max. logical packages:   1
Jul 31 10:30:47 lokeshwar-VirtualBox kernel: CPU topo: Max. logical dies:       1
Jul 31 10:30:47 lokeshwar-VirtualBox kernel: CPU topo: Max. dies per package:   1
Jul 31 10:30:47 lokeshwar-VirtualBox kernel: CPU topo: Max. threads per core:   1
Jul 31 10:30:47 lokeshwar-VirtualBox kernel: CPU topo: Num. cores per package:     2
Jul 31 10:30:47 lokeshwar-VirtualBox kernel: CPU topo: Num. threads per package:   2
Jul 31 10:30:47 lokeshwar-VirtualBox kernel: CPU topo: Allowing 2 present CPUs plus 0 hotplug CPUs
Jul 31 10:30:47 lokeshwar-VirtualBox kernel: PM: hibernation: Registered nosave memory: [mem 0x00000000-0x00000fff]
Jul 31 10:30:47 lokeshwar-VirtualBox kernel: PM: hibernation: Registered nosave memory: [mem 0x0009f000-0x000fffff]
Jul 31 10:30:47 lokeshwar-VirtualBox kernel: PM: hibernation: Registered nosave memory: [mem 0xdfff0000-0xffffffff]
Jul 31 10:30:47 lokeshwar-VirtualBox kernel: [mem 0xe0000000-0xfebfffff] available for PCI devices
Jul 31 10:30:47 lokeshwar-VirtualBox kernel: Booting paravirtualized kernel on KVM
Jul 31 10:30:47 lokeshwar-VirtualBox kernel: clocksource: refined-jiffies: mask: 0xffffffff max_cycles: 0xffffffff, max_idle_ns: 1910969940391419 ns
Jul 31 10:30:47 lokeshwar-VirtualBox kernel: setup_percpu: NR_CPUS:8192 nr_cpumask_bits:2 nr_cpu_ids:2 nr_node_ids:1
Jul 31 10:30:47 lokeshwar-VirtualBox kernel: percpu: Embedded 88 pages/cpu s237568 r8192 d114688 u1048576
Jul 31 10:30:47 lokeshwar-VirtualBox kernel: pcpu-alloc: s237568 r8192 d114688 u1048576 alloc=1*2097152
Jul 31 10:30:47 lokeshwar-VirtualBox kernel: pcpu-alloc: [0] 0 1 
Jul 31 10:30:47 lokeshwar-VirtualBox kernel: kvm-guest: PV spinlocks enabled
Jul 31 10:30:47 lokeshwar-VirtualBox kernel: PV qspinlock hash table entries: 256 (order: 0, 4096 bytes, linear)
Jul 31 10:30:47 lokeshwar-VirtualBox kernel: Kernel command line: BOOT_IMAGE=/boot/vmlinuz-6.14.0-24-generic root=UUID=bb8ce4b7-2af6-4496-aee7-7aab5227527b ro quiet splash
Jul 31 10:30:47 lokeshwar-VirtualBox kernel: Unknown kernel command line parameters "splash BOOT_IMAGE=/boot/vmlinuz-6.14.0-24-generic", will be passed to user space.
Jul 31 10:30:47 lokeshwar-VirtualBox kernel: random: crng init done
Jul 31 10:30:47 lokeshwar-VirtualBox kernel: printk: log buffer data + meta data: 262144 + 917504 = 1179648 bytes
Jul 31 10:30:47 lokeshwar-VirtualBox kernel: Dentry cache hash table entries: 524288 (order: 10, 4194304 bytes, linear)
Jul 31 10:30:47 lokeshwar-VirtualBox kernel: Inode-cache hash table entries: 262144 (order: 9, 2097152 bytes, linear)
Jul 31 10:30:47 lokeshwar-VirtualBox kernel: Fallback order for Node 0: 0 
Jul 31 10:30:47 lokeshwar-VirtualBox kernel: Built 1 zonelists, mobility grouping on.  Total pages: 1048462
Jul 31 10:30:47 lokeshwar-VirtualBox kernel: Policy zone: Normal
Jul 31 10:30:47 lokeshwar-VirtualBox kernel: mem auto-init: stack:all(zero), heap alloc:on, heap free:off
Jul 31 10:30:47 lokeshwar-VirtualBox kernel: software IO TLB: area num 2.
Jul 31 10:30:47 lokeshwar-VirtualBox kernel: SLUB: HWalign=64, Order=0-3, MinObjects=0, CPUs=2, Nodes=1
Jul 31 10:30:47 lokeshwar-VirtualBox kernel: ftrace: allocating 60343 entries in 236 pages
Jul 31 10:30:47 lokeshwar-VirtualBox kernel: ftrace: allocated 236 pages with 5 groups
Jul 31 10:30:47 lokeshwar-VirtualBox kernel: Dynamic Preempt: voluntary
Jul 31 10:30:47 lokeshwar-VirtualBox kernel: rcu: Preemptible hierarchical RCU implementation.
Jul 31 10:30:47 lokeshwar-VirtualBox kernel: rcu:         RCU restricting CPUs from NR_CPUS=8192 to nr_cpu_ids=2.
Jul 31 10:30:47 lokeshwar-VirtualBox kernel:         Trampoline variant of Tasks RCU enabled.
Jul 31 10:30:47 lokeshwar-VirtualBox kernel:         Rude variant of Tasks RCU enabled.
Jul 31 10:30:47 lokeshwar-VirtualBox kernel:         Tracing variant of Tasks RCU enabled.
Jul 31 10:30:47 lokeshwar-VirtualBox kernel: rcu: RCU calculated value of scheduler-enlistment delay is 100 jiffies.
Jul 31 10:30:47 lokeshwar-VirtualBox kernel: rcu: Adjusting geometry for rcu_fanout_leaf=16, nr_cpu_ids=2
Jul 31 10:30:47 lokeshwar-VirtualBox kernel: RCU Tasks: Setting shift to 1 and lim to 1 rcu_task_cb_adjust=1 rcu_task_cpu_ids=2.
Jul 31 10:30:47 lokeshwar-VirtualBox kernel: RCU Tasks Rude: Setting shift to 1 and lim to 1 rcu_task_cb_adjust=1 rcu_task_cpu_ids=2.
Jul 31 10:30:47 lokeshwar-VirtualBox kernel: RCU Tasks Trace: Setting shift to 1 and lim to 1 rcu_task_cb_adjust=1 rcu_task_cpu_ids=2.
Jul 31 10:30:47 lokeshwar-VirtualBox kernel: NR_IRQS: 524544, nr_irqs: 440, preallocated irqs: 16
Jul 31 10:30:47 lokeshwar-VirtualBox kernel: rcu: srcu_init: Setting srcu_struct sizes based on contention.
Jul 31 10:30:47 lokeshwar-VirtualBox kernel: Console: colour VGA+ 80x25
Jul 31 10:30:47 lokeshwar-VirtualBox kernel: printk: legacy console [tty0] enabled
Jul 31 10:30:47 lokeshwar-VirtualBox kernel: ACPI: Core revision 20240827
Jul 31 10:30:47 lokeshwar-VirtualBox kernel: APIC: Switch to symmetric I/O mode setup
Jul 31 10:30:47 lokeshwar-VirtualBox kernel: ..TIMER: vector=0x30 apic1=0 pin1=2 apic2=-1 pin2=-1
Jul 31 10:30:47 lokeshwar-VirtualBox kernel: clocksource: tsc-early: mask: 0xffffffffffffffff max_cycles: 0x21170f251ad, max_idle_ns: 440795222884 ns
Jul 31 10:30:47 lokeshwar-VirtualBox kernel: Calibrating delay loop (skipped) preset value.. 4591.24 BogoMIPS (lpj=2295624)
Jul 31 10:30:47 lokeshwar-VirtualBox kernel: AMD Zen1 DIV0 bug detected. Disable SMT for full protection.
Jul 31 10:30:47 lokeshwar-VirtualBox kernel: Last level iTLB entries: 4KB 1024, 2MB 1024, 4MB 512
Jul 31 10:30:47 lokeshwar-VirtualBox kernel: Last level dTLB entries: 4KB 1536, 2MB 1536, 4MB 768, 1GB 0
Jul 31 10:30:47 lokeshwar-VirtualBox kernel: Spectre V1 : Mitigation: usercopy/swapgs barriers and __user pointer sanitization
Jul 31 10:30:47 lokeshwar-VirtualBox kernel: Spectre V2 : Mitigation: Retpolines
Jul 31 10:30:47 lokeshwar-VirtualBox kernel: Spectre V2 : Spectre v2 / SpectreRSB: Filling RSB on context switch and VMEXIT
Jul 31 10:30:47 lokeshwar-VirtualBox kernel: RETBleed: Mitigation: untrained return thunk
Jul 31 10:30:47 lokeshwar-VirtualBox kernel: Speculative Return Stack Overflow: IBPB-extending microcode not applied!
Jul 31 10:30:47 lokeshwar-VirtualBox kernel: Speculative Return Stack Overflow: WARNING: See https://kernel.org/doc/html/latest/admin-guide/hw-vuln/srso.html for mitigation options.
Jul 31 10:30:47 lokeshwar-VirtualBox kernel: Speculative Return Stack Overflow: Vulnerable: Safe RET, no microcode
Jul 31 10:30:47 lokeshwar-VirtualBox kernel: x86/fpu: Supporting XSAVE feature 0x001: 'x87 floating point registers'
Jul 31 10:30:47 lokeshwar-VirtualBox kernel: x86/fpu: Supporting XSAVE feature 0x002: 'SSE registers'
Jul 31 10:30:47 lokeshwar-VirtualBox kernel: x86/fpu: Supporting XSAVE feature 0x004: 'AVX registers'
Jul 31 10:30:47 lokeshwar-VirtualBox kernel: x86/fpu: xstate_offset[2]:  576, xstate_sizes[2]:  256
Jul 31 10:30:47 lokeshwar-VirtualBox kernel: x86/fpu: Enabled xstate features 0x7, context size is 832 bytes, using 'standard' format.
Jul 31 10:30:47 lokeshwar-VirtualBox kernel: Freeing SMP alternatives memory: 48K
Jul 31 10:30:47 lokeshwar-VirtualBox kernel: pid_max: default: 32768 minimum: 301
Jul 31 10:30:47 lokeshwar-VirtualBox kernel: LSM: initializing lsm=lockdown,capability,landlock,yama,apparmor,ima,evm
Jul 31 10:30:47 lokeshwar-VirtualBox kernel: landlock: Up and running.
Jul 31 10:30:47 lokeshwar-VirtualBox kernel: Yama: becoming mindful.
Jul 31 10:30:47 lokeshwar-VirtualBox kernel: AppArmor: AppArmor initialized
Jul 31 10:30:47 lokeshwar-VirtualBox kernel: Mount-cache hash table entries: 8192 (order: 4, 65536 bytes, linear)
Jul 31 10:30:47 lokeshwar-VirtualBox kernel: Mountpoint-cache hash table entries: 8192 (order: 4, 65536 bytes, linear)
Jul 31 10:30:47 lokeshwar-VirtualBox kernel: APIC calibration not consistent with PM-Timer: 114ms instead of 100ms
Jul 31 10:30:47 lokeshwar-VirtualBox kernel: APIC delta adjusted to PM-Timer: 6296480 (7186404)
Jul 31 10:30:47 lokeshwar-VirtualBox kernel: smpboot: CPU0: AMD Athlon Silver 3050U with Radeon Graphics (family: 0x17, model: 0x18, stepping: 0x1)
Jul 31 10:30:47 lokeshwar-VirtualBox kernel: Performance Events: PMU not available due to virtualization, using software events only.
Jul 31 10:30:47 lokeshwar-VirtualBox kernel: signal: max sigframe size: 1776
Jul 31 10:30:47 lokeshwar-VirtualBox kernel: rcu: Hierarchical SRCU implementation.
Jul 31 10:30:47 lokeshwar-VirtualBox kernel: rcu:         Max phase no-delay instances is 400.
Jul 31 10:30:47 lokeshwar-VirtualBox kernel: Timer migration: 1 hierarchy levels; 8 children per group; 1 crossnode level
Jul 31 10:30:47 lokeshwar-VirtualBox kernel: NMI watchdog: Perf NMI watchdog permanently disabled
Jul 31 10:30:47 lokeshwar-VirtualBox kernel: smp: Bringing up secondary CPUs ...
Jul 31 10:30:47 lokeshwar-VirtualBox kernel: smpboot: x86: Booting SMP configuration:
Jul 31 10:30:47 lokeshwar-VirtualBox kernel: .... node  #0, CPUs:      #1
Jul 31 10:30:47 lokeshwar-VirtualBox kernel: smp: Brought up 1 node, 2 CPUs
Jul 31 10:30:47 lokeshwar-VirtualBox kernel: smpboot: Total of 2 processors activated (9182.49 BogoMIPS)
Jul 31 10:30:47 lokeshwar-VirtualBox kernel: Memory: 3923740K/4193848K available (21441K kernel code, 4572K rwdata, 15048K rodata, 5132K init, 4436K bss, 263916K reserved, 0K cma-reserved)
Jul 31 10:30:47 lokeshwar-VirtualBox kernel: devtmpfs: initialized
Jul 31 10:30:47 lokeshwar-VirtualBox kernel: x86/mm: Memory block size: 128MB
Jul 31 10:30:47 lokeshwar-VirtualBox kernel: clocksource: jiffies: mask: 0xffffffff max_cycles: 0xffffffff, max_idle_ns: 1911260446275000 ns
Jul 31 10:30:47 lokeshwar-VirtualBox kernel: futex hash table entries: 512 (order: 3, 32768 bytes, linear)
Jul 31 10:30:47 lokeshwar-VirtualBox kernel: pinctrl core: initialized pinctrl subsystem
Jul 31 10:30:47 lokeshwar-VirtualBox kernel: PM: RTC time: 05:00:29, date: 2025-07-31
Jul 31 10:30:47 lokeshwar-VirtualBox kernel: NET: Registered PF_NETLINK/PF_ROUTE protocol family
Jul 31 10:30:47 lokeshwar-VirtualBox kernel: DMA: preallocated 512 KiB GFP_KERNEL pool for atomic allocations
Jul 31 10:30:47 lokeshwar-VirtualBox kernel: DMA: preallocated 512 KiB GFP_KERNEL|GFP_DMA pool for atomic allocations
Jul 31 10:30:47 lokeshwar-VirtualBox kernel: DMA: preallocated 512 KiB GFP_KERNEL|GFP_DMA32 pool for atomic allocations
Jul 31 10:30:47 lokeshwar-VirtualBox kernel: audit: initializing netlink subsys (disabled)
Jul 31 10:30:47 lokeshwar-VirtualBox kernel: audit: type=2000 audit(1753938049.245:1): state=initialized audit_enabled=0 res=1
Jul 31 10:30:47 lokeshwar-VirtualBox kernel: thermal_sys: Registered thermal governor 'fair_share'
Jul 31 10:30:47 lokeshwar-VirtualBox kernel: thermal_sys: Registered thermal governor 'bang_bang'
Jul 31 10:30:47 lokeshwar-VirtualBox kernel: thermal_sys: Registered thermal governor 'step_wise'
Jul 31 10:30:47 lokeshwar-VirtualBox kernel: thermal_sys: Registered thermal governor 'user_space'
Jul 31 10:30:47 lokeshwar-VirtualBox kernel: thermal_sys: Registered thermal governor 'power_allocator'
Jul 31 10:30:47 lokeshwar-VirtualBox kernel: cpuidle: using governor ladder
Jul 31 10:30:47 lokeshwar-VirtualBox kernel: cpuidle: using governor menu
Jul 31 10:30:47 lokeshwar-VirtualBox kernel: acpiphp: ACPI Hot Plug PCI Controller Driver version: 0.5
Jul 31 10:30:47 lokeshwar-VirtualBox kernel: PCI: Using configuration type 1 for base access
Jul 31 10:30:47 lokeshwar-VirtualBox kernel: PCI: Using configuration type 1 for extended access
Jul 31 10:30:47 lokeshwar-VirtualBox kernel: mtrr: your CPUs had inconsistent variable MTRR settings
Jul 31 10:30:47 lokeshwar-VirtualBox kernel: mtrr: probably your BIOS does not setup all CPUs.
Jul 31 10:30:47 lokeshwar-VirtualBox kernel: mtrr: corrected configuration.
Jul 31 10:30:47 lokeshwar-VirtualBox kernel: kprobes: kprobe jump-optimization is enabled. All kprobes are optimized if possible.
Jul 31 10:30:47 lokeshwar-VirtualBox kernel: HugeTLB: registered 2.00 MiB page size, pre-allocated 0 pages
Jul 31 10:30:47 lokeshwar-VirtualBox kernel: HugeTLB: 28 KiB vmemmap can be freed for a 2.00 MiB page
Jul 31 10:30:47 lokeshwar-VirtualBox kernel: ACPI: Added _OSI(Module Device)
Jul 31 10:30:47 lokeshwar-VirtualBox kernel: ACPI: Added _OSI(Processor Device)
Jul 31 10:30:47 lokeshwar-VirtualBox kernel: ACPI: Added _OSI(3.0 _SCP Extensions)
Jul 31 10:30:47 lokeshwar-VirtualBox kernel: ACPI: Added _OSI(Processor Aggregator Device)
Jul 31 10:30:47 lokeshwar-VirtualBox kernel: ACPI: 2 ACPI AML tables successfully acquired and loaded
Jul 31 10:30:47 lokeshwar-VirtualBox kernel: ACPI: Interpreter enabled
Jul 31 10:30:47 lokeshwar-VirtualBox kernel: ACPI: PM: (supports S0 S5)
Jul 31 10:30:47 lokeshwar-VirtualBox kernel: ACPI: Using IOAPIC for interrupt routing
Jul 31 10:30:47 lokeshwar-VirtualBox kernel: PCI: Using host bridge windows from ACPI; if necessary, use "pci=nocrs" and report a bug
Jul 31 10:30:47 lokeshwar-VirtualBox kernel: PCI: Using E820 reservations for host bridge windows
Jul 31 10:30:47 lokeshwar-VirtualBox kernel: ACPI: Enabled 2 GPEs in block 00 to 07
Jul 31 10:30:47 lokeshwar-VirtualBox kernel: ACPI: PCI Root Bridge [PCI0] (domain 0000 [bus 00-ff])
Jul 31 10:30:47 lokeshwar-VirtualBox kernel: acpi PNP0A03:00: _OSC: OS supports [ExtendedConfig ASPM ClockPM Segments MSI EDR HPX-Type3]
Jul 31 10:30:47 lokeshwar-VirtualBox kernel: acpi PNP0A03:00: _OSC: platform does not support [PCIeCapability LTR DPC]
Jul 31 10:30:47 lokeshwar-VirtualBox kernel: acpi PNP0A03:00: _OSC: not requesting control; platform does not support [PCIeCapability]
Jul 31 10:30:47 lokeshwar-VirtualBox kernel: acpi PNP0A03:00: _OSC: OS requested [PCIeHotplug SHPCHotplug PME AER PCIeCapability LTR DPC]
Jul 31 10:30:47 lokeshwar-VirtualBox kernel: acpi PNP0A03:00: _OSC: platform willing to grant [PCIeHotplug SHPCHotplug PME AER]
Jul 31 10:30:47 lokeshwar-VirtualBox kernel: acpi PNP0A03:00: _OSC: platform retains control of PCIe features (AE_SUPPORT)
Jul 31 10:30:47 lokeshwar-VirtualBox kernel: PCI host bridge to bus 0000:00
Jul 31 10:30:47 lokeshwar-VirtualBox kernel: pci_bus 0000:00: root bus resource [io  0x0000-0x0cf7 window]
Jul 31 10:30:47 lokeshwar-VirtualBox kernel: pci_bus 0000:00: root bus resource [io  0x0d00-0xffff window]
Jul 31 10:30:47 lokeshwar-VirtualBox kernel: pci_bus 0000:00: root bus resource [mem 0x000a0000-0x000bffff window]
Jul 31 10:30:47 lokeshwar-VirtualBox kernel: pci_bus 0000:00: root bus resource [mem 0xe0000000-0xfdffffff window]
Jul 31 10:30:47 lokeshwar-VirtualBox kernel: pci_bus 0000:00: root bus resource [bus 00-ff]
Jul 31 10:30:47 lokeshwar-VirtualBox kernel: pci 0000:00:00.0: [8086:1237] type 00 class 0x060000 conventional PCI endpoint
Jul 31 10:30:47 lokeshwar-VirtualBox kernel: pci 0000:00:01.0: [8086:7000] type 00 class 0x060100 conventional PCI endpoint
Jul 31 10:30:47 lokeshwar-VirtualBox kernel: pci 0000:00:01.1: [8086:7111] type 00 class 0x01018a conventional PCI endpoint
Jul 31 10:30:47 lokeshwar-VirtualBox kernel: pci 0000:00:01.1: BAR 4 [io  0xd000-0xd00f]
Jul 31 10:30:47 lokeshwar-VirtualBox kernel: pci 0000:00:01.1: BAR 0 [io  0x01f0-0x01f7]: legacy IDE quirk
Jul 31 10:30:47 lokeshwar-VirtualBox kernel: pci 0000:00:01.1: BAR 1 [io  0x03f6]: legacy IDE quirk
Jul 31 10:30:47 lokeshwar-VirtualBox kernel: pci 0000:00:01.1: BAR 2 [io  0x0170-0x0177]: legacy IDE quirk
Jul 31 10:30:47 lokeshwar-VirtualBox kernel: pci 0000:00:01.1: BAR 3 [io  0x0376]: legacy IDE quirk
Jul 31 10:30:47 lokeshwar-VirtualBox kernel: pci 0000:00:02.0: [80ee:beef] type 00 class 0x030000 conventional PCI endpoint
Jul 31 10:30:47 lokeshwar-VirtualBox kernel: pci 0000:00:02.0: BAR 0 [mem 0xe0000000-0xe7ffffff pref]
Jul 31 10:30:47 lokeshwar-VirtualBox kernel: pci 0000:00:02.0: BAR 1 [io  0xd010-0xd01f]
Jul 31 10:30:47 lokeshwar-VirtualBox kernel: pci 0000:00:02.0: BAR 2 [mem 0xf0000000-0xf01fffff]
Jul 31 10:30:47 lokeshwar-VirtualBox kernel: pci 0000:00:02.0: Video device with shadowed ROM at [mem 0x000c0000-0x000dffff]
Jul 31 10:30:47 lokeshwar-VirtualBox kernel: pci 0000:00:03.0: [8086:100e] type 00 class 0x020000 conventional PCI endpoint
Jul 31 10:30:47 lokeshwar-VirtualBox kernel: pci 0000:00:03.0: BAR 0 [mem 0xf0200000-0xf021ffff]
Jul 31 10:30:47 lokeshwar-VirtualBox kernel: pci 0000:00:03.0: BAR 2 [io  0xd020-0xd027]
Jul 31 10:30:47 lokeshwar-VirtualBox kernel: pci 0000:00:04.0: [80ee:cafe] type 00 class 0x088000 conventional PCI endpoint
Jul 31 10:30:47 lokeshwar-VirtualBox kernel: pci 0000:00:04.0: BAR 0 [io  0xd040-0xd05f]
Jul 31 10:30:47 lokeshwar-VirtualBox kernel: pci 0000:00:04.0: BAR 1 [mem 0xf0400000-0xf07fffff]
Jul 31 10:30:47 lokeshwar-VirtualBox kernel: pci 0000:00:04.0: BAR 2 [mem 0xf0800000-0xf0803fff pref]
Jul 31 10:30:47 lokeshwar-VirtualBox kernel: pci 0000:00:05.0: [8086:2415] type 00 class 0x040100 conventional PCI endpoint
Jul 31 10:30:47 lokeshwar-VirtualBox kernel: pci 0000:00:05.0: BAR 0 [io  0xd100-0xd1ff]
Jul 31 10:30:47 lokeshwar-VirtualBox kernel: pci 0000:00:05.0: BAR 1 [io  0xd200-0xd23f]
Jul 31 10:30:47 lokeshwar-VirtualBox kernel: pci 0000:00:06.0: [106b:003f] type 00 class 0x0c0310 conventional PCI endpoint
Jul 31 10:30:47 lokeshwar-VirtualBox kernel: pci 0000:00:06.0: BAR 0 [mem 0xf0804000-0xf0804fff]
Jul 31 10:30:47 lokeshwar-VirtualBox kernel: pci 0000:00:07.0: [8086:7113] type 00 class 0x068000 conventional PCI endpoint
Jul 31 10:30:47 lokeshwar-VirtualBox kernel: pci 0000:00:07.0: quirk: [io  0x4000-0x403f] claimed by PIIX4 ACPI
Jul 31 10:30:47 lokeshwar-VirtualBox kernel: pci 0000:00:07.0: quirk: [io  0x4100-0x410f] claimed by PIIX4 SMB
Jul 31 10:30:47 lokeshwar-VirtualBox kernel: pci 0000:00:08.0: [8086:100e] type 00 class 0x020000 conventional PCI endpoint
Jul 31 10:30:47 lokeshwar-VirtualBox kernel: pci 0000:00:08.0: BAR 0 [mem 0xf0820000-0xf083ffff]
Jul 31 10:30:47 lokeshwar-VirtualBox kernel: pci 0000:00:08.0: BAR 2 [io  0xd240-0xd247]
Jul 31 10:30:47 lokeshwar-VirtualBox kernel: pci 0000:00:0b.0: [8086:265c] type 00 class 0x0c0320 conventional PCI endpoint
Jul 31 10:30:47 lokeshwar-VirtualBox kernel: pci 0000:00:0b.0: BAR 0 [mem 0xf0840000-0xf0840fff]
Jul 31 10:30:47 lokeshwar-VirtualBox kernel: pci 0000:00:0d.0: [8086:2829] type 00 class 0x010601 conventional PCI endpoint
Jul 31 10:30:47 lokeshwar-VirtualBox kernel: pci 0000:00:0d.0: BAR 0 [io  0xd248-0xd24f]
Jul 31 10:30:47 lokeshwar-VirtualBox kernel: pci 0000:00:0d.0: BAR 1 [io  0xd250-0xd253]
Jul 31 10:30:47 lokeshwar-VirtualBox kernel: pci 0000:00:0d.0: BAR 2 [io  0xd258-0xd25f]
Jul 31 10:30:47 lokeshwar-VirtualBox kernel: pci 0000:00:0d.0: BAR 3 [io  0xd260-0xd263]
Jul 31 10:30:47 lokeshwar-VirtualBox kernel: pci 0000:00:0d.0: BAR 4 [io  0xd270-0xd27f]
Jul 31 10:30:47 lokeshwar-VirtualBox kernel: pci 0000:00:0d.0: BAR 5 [mem 0xf0842000-0xf0843fff]
Jul 31 10:30:47 lokeshwar-VirtualBox kernel: ACPI: PCI: Interrupt link LNKA configured for IRQ 11
Jul 31 10:30:47 lokeshwar-VirtualBox kernel: ACPI: PCI: Interrupt link LNKB configured for IRQ 10
Jul 31 10:30:47 lokeshwar-VirtualBox kernel: ACPI: PCI: Interrupt link LNKC configured for IRQ 9
Jul 31 10:30:47 lokeshwar-VirtualBox kernel: ACPI: PCI: Interrupt link LNKD configured for IRQ 11
Jul 31 10:30:47 lokeshwar-VirtualBox kernel: iommu: Default domain type: Translated
Jul 31 10:30:47 lokeshwar-VirtualBox kernel: iommu: DMA domain TLB invalidation policy: lazy mode
Jul 31 10:30:47 lokeshwar-VirtualBox kernel: SCSI subsystem initialized
Jul 31 10:30:47 lokeshwar-VirtualBox kernel: libata version 3.00 loaded.
Jul 31 10:30:47 lokeshwar-VirtualBox kernel: ACPI: bus type USB registered
Jul 31 10:30:47 lokeshwar-VirtualBox kernel: usbcore: registered new interface driver usbfs
Jul 31 10:30:47 lokeshwar-VirtualBox kernel: usbcore: registered new interface driver hub
Jul 31 10:30:47 lokeshwar-VirtualBox kernel: usbcore: registered new device driver usb
Jul 31 10:30:47 lokeshwar-VirtualBox kernel: pps_core: LinuxPPS API ver. 1 registered
Jul 31 10:30:47 lokeshwar-VirtualBox kernel: pps_core: Software ver. 5.3.6 - Copyright 2005-2007 Rodolfo Giometti <giometti@linux.it>
Jul 31 10:30:47 lokeshwar-VirtualBox kernel: PTP clock support registered
Jul 31 10:30:47 lokeshwar-VirtualBox kernel: EDAC MC: Ver: 3.0.0
Jul 31 10:30:47 lokeshwar-VirtualBox kernel: NetLabel: Initializing
Jul 31 10:30:47 lokeshwar-VirtualBox kernel: NetLabel:  domain hash size = 128
Jul 31 10:30:47 lokeshwar-VirtualBox kernel: NetLabel:  protocols = UNLABELED CIPSOv4 CALIPSO
Jul 31 10:30:47 lokeshwar-VirtualBox kernel: NetLabel:  unlabeled traffic allowed by default
Jul 31 10:30:47 lokeshwar-VirtualBox kernel: mctp: management component transport protocol core
Jul 31 10:30:47 lokeshwar-VirtualBox kernel: NET: Registered PF_MCTP protocol family
Jul 31 10:30:47 lokeshwar-VirtualBox kernel: PCI: Using ACPI for IRQ routing
Jul 31 10:30:47 lokeshwar-VirtualBox kernel: PCI: pci_cache_line_size set to 64 bytes
Jul 31 10:30:47 lokeshwar-VirtualBox kernel: e820: reserve RAM buffer [mem 0x0009fc00-0x0009ffff]
Jul 31 10:30:47 lokeshwar-VirtualBox kernel: e820: reserve RAM buffer [mem 0xdfff0000-0xdfffffff]
Jul 31 10:30:47 lokeshwar-VirtualBox kernel: pci 0000:00:02.0: vgaarb: setting as boot VGA device
Jul 31 10:30:47 lokeshwar-VirtualBox kernel: pci 0000:00:02.0: vgaarb: bridge control possible
Jul 31 10:30:47 lokeshwar-VirtualBox kernel: pci 0000:00:02.0: vgaarb: VGA device added: decodes=io+mem,owns=io+mem,locks=none
Jul 31 10:30:47 lokeshwar-VirtualBox kernel: vgaarb: loaded
Jul 31 10:30:47 lokeshwar-VirtualBox kernel: clocksource: Switched to clocksource kvm-clock
Jul 31 10:30:47 lokeshwar-VirtualBox kernel: VFS: Disk quotas dquot_6.6.0
Jul 31 10:30:47 lokeshwar-VirtualBox kernel: VFS: Dquot-cache hash table entries: 512 (order 0, 4096 bytes)
Jul 31 10:30:47 lokeshwar-VirtualBox kernel: AppArmor: AppArmor Filesystem Enabled
Jul 31 10:30:47 lokeshwar-VirtualBox kernel: pnp: PnP ACPI init
Jul 31 10:30:47 lokeshwar-VirtualBox kernel: pnp: PnP ACPI: found 2 devices
Jul 31 10:30:47 lokeshwar-VirtualBox kernel: clocksource: acpi_pm: mask: 0xffffff max_cycles: 0xffffff, max_idle_ns: 2085701024 ns
Jul 31 10:30:47 lokeshwar-VirtualBox kernel: NET: Registered PF_INET protocol family
Jul 31 10:30:47 lokeshwar-VirtualBox kernel: IP idents hash table entries: 65536 (order: 7, 524288 bytes, linear)
Jul 31 10:30:47 lokeshwar-VirtualBox kernel: tcp_listen_portaddr_hash hash table entries: 2048 (order: 3, 32768 bytes, linear)
Jul 31 10:30:47 lokeshwar-VirtualBox kernel: Table-perturb hash table entries: 65536 (order: 6, 262144 bytes, linear)
Jul 31 10:30:47 lokeshwar-VirtualBox kernel: TCP established hash table entries: 32768 (order: 6, 262144 bytes, linear)
Jul 31 10:30:47 lokeshwar-VirtualBox kernel: TCP bind hash table entries: 32768 (order: 8, 1048576 bytes, linear)
Jul 31 10:30:47 lokeshwar-VirtualBox kernel: TCP: Hash tables configured (established 32768 bind 32768)
Jul 31 10:30:47 lokeshwar-VirtualBox kernel: MPTCP token hash table entries: 4096 (order: 4, 98304 bytes, linear)
Jul 31 10:30:47 lokeshwar-VirtualBox kernel: UDP hash table entries: 2048 (order: 5, 131072 bytes, linear)
Jul 31 10:30:47 lokeshwar-VirtualBox kernel: UDP-Lite hash table entries: 2048 (order: 5, 131072 bytes, linear)
Jul 31 10:30:47 lokeshwar-VirtualBox kernel: NET: Registered PF_UNIX/PF_LOCAL protocol family
Jul 31 10:30:47 lokeshwar-VirtualBox kernel: NET: Registered PF_XDP protocol family
Jul 31 10:30:47 lokeshwar-VirtualBox kernel: pci_bus 0000:00: resource 4 [io  0x0000-0x0cf7 window]
Jul 31 10:30:47 lokeshwar-VirtualBox kernel: pci_bus 0000:00: resource 5 [io  0x0d00-0xffff window]
Jul 31 10:30:47 lokeshwar-VirtualBox kernel: pci_bus 0000:00: resource 6 [mem 0x000a0000-0x000bffff window]
Jul 31 10:30:47 lokeshwar-VirtualBox kernel: pci_bus 0000:00: resource 7 [mem 0xe0000000-0xfdffffff window]
Jul 31 10:30:47 lokeshwar-VirtualBox kernel: pci 0000:00:00.0: Limiting direct PCI/PCI transfers
Jul 31 10:30:47 lokeshwar-VirtualBox kernel: PCI: CLS 0 bytes, default 64
Jul 31 10:30:47 lokeshwar-VirtualBox kernel: PCI-DMA: Using software bounce buffering for IO (SWIOTLB)
Jul 31 10:30:47 lokeshwar-VirtualBox kernel: software IO TLB: mapped [mem 0x00000000dbff0000-0x00000000dfff0000] (64MB)
Jul 31 10:30:47 lokeshwar-VirtualBox kernel: clocksource: tsc: mask: 0xffffffffffffffff max_cycles: 0x21170f251ad, max_idle_ns: 440795222884 ns
Jul 31 10:30:47 lokeshwar-VirtualBox kernel: clocksource: Switched to clocksource tsc
Jul 31 10:30:47 lokeshwar-VirtualBox kernel: platform rtc_cmos: registered platform RTC device (no PNP device found)
Jul 31 10:30:47 lokeshwar-VirtualBox kernel: Trying to unpack rootfs image as initramfs...
Jul 31 10:30:47 lokeshwar-VirtualBox kernel: Initialise system trusted keyrings
Jul 31 10:30:47 lokeshwar-VirtualBox kernel: Key type blacklist registered
Jul 31 10:30:47 lokeshwar-VirtualBox kernel: workingset: timestamp_bits=36 max_order=20 bucket_order=0
Jul 31 10:30:47 lokeshwar-VirtualBox kernel: zbud: loaded
Jul 31 10:30:47 lokeshwar-VirtualBox kernel: squashfs: version 4.0 (2009/01/31) Phillip Lougher
Jul 31 10:30:47 lokeshwar-VirtualBox kernel: fuse: init (API version 7.42)
Jul 31 10:30:47 lokeshwar-VirtualBox kernel: integrity: Platform Keyring initialized
Jul 31 10:30:47 lokeshwar-VirtualBox kernel: integrity: Machine keyring initialized
Jul 31 10:30:47 lokeshwar-VirtualBox kernel: Key type asymmetric registered
Jul 31 10:30:47 lokeshwar-VirtualBox kernel: Asymmetric key parser 'x509' registered
Jul 31 10:30:47 lokeshwar-VirtualBox kernel: Block layer SCSI generic (bsg) driver version 0.4 loaded (major 243)
Jul 31 10:30:47 lokeshwar-VirtualBox kernel: io scheduler mq-deadline registered
Jul 31 10:30:47 lokeshwar-VirtualBox kernel: ledtrig-cpu: registered to indicate activity on CPUs
Jul 31 10:30:47 lokeshwar-VirtualBox kernel: shpchp: Standard Hot Plug PCI Controller Driver version: 0.4
Jul 31 10:30:47 lokeshwar-VirtualBox kernel: ACPI: AC: AC Adapter [AC] (off-line)
Jul 31 10:30:47 lokeshwar-VirtualBox kernel: input: Power Button as /devices/LNXSYSTM:00/LNXPWRBN:00/input/input0
Jul 31 10:30:47 lokeshwar-VirtualBox kernel: ACPI: button: Power Button [PWRF]
Jul 31 10:30:47 lokeshwar-VirtualBox kernel: input: Sleep Button as /devices/LNXSYSTM:00/LNXSLPBN:00/input/input1
Jul 31 10:30:47 lokeshwar-VirtualBox kernel: ACPI: button: Sleep Button [SLPF]
Jul 31 10:30:47 lokeshwar-VirtualBox kernel: Serial: 8250/16550 driver, 32 ports, IRQ sharing enabled
Jul 31 10:30:47 lokeshwar-VirtualBox kernel: ACPI: battery: Slot [BAT0] (battery present)
Jul 31 10:30:47 lokeshwar-VirtualBox kernel: Linux agpgart interface v0.103
Jul 31 10:30:47 lokeshwar-VirtualBox kernel: loop: module loaded
Jul 31 10:30:47 lokeshwar-VirtualBox kernel: ata_piix 0000:00:01.1: version 2.13
Jul 31 10:30:47 lokeshwar-VirtualBox kernel: scsi host0: ata_piix
Jul 31 10:30:47 lokeshwar-VirtualBox kernel: scsi host1: ata_piix
Jul 31 10:30:47 lokeshwar-VirtualBox kernel: ata1: PATA max UDMA/33 cmd 0x1f0 ctl 0x3f6 bmdma 0xd000 irq 14 lpm-pol 0
Jul 31 10:30:47 lokeshwar-VirtualBox kernel: ata2: PATA max UDMA/33 cmd 0x170 ctl 0x376 bmdma 0xd008 irq 15 lpm-pol 0
Jul 31 10:30:47 lokeshwar-VirtualBox kernel: ACPI: bus type drm_connector registered
Jul 31 10:30:47 lokeshwar-VirtualBox kernel: tun: Universal TUN/TAP device driver, 1.6
Jul 31 10:30:47 lokeshwar-VirtualBox kernel: PPP generic driver version 2.4.2
Jul 31 10:30:47 lokeshwar-VirtualBox kernel: ohci-pci 0000:00:06.0: OHCI PCI host controller
Jul 31 10:30:47 lokeshwar-VirtualBox kernel: ohci-pci 0000:00:06.0: new USB bus registered, assigned bus number 1
Jul 31 10:30:47 lokeshwar-VirtualBox kernel: ohci-pci 0000:00:06.0: irq 22, io mem 0xf0804000
Jul 31 10:30:47 lokeshwar-VirtualBox kernel: usb usb1: New USB device found, idVendor=1d6b, idProduct=0001, bcdDevice= 6.14
Jul 31 10:30:47 lokeshwar-VirtualBox kernel: usb usb1: New USB device strings: Mfr=3, Product=2, SerialNumber=1
Jul 31 10:30:47 lokeshwar-VirtualBox kernel: usb usb1: Product: OHCI PCI host controller
Jul 31 10:30:47 lokeshwar-VirtualBox kernel: usb usb1: Manufacturer: Linux 6.14.0-24-generic ohci_hcd
Jul 31 10:30:47 lokeshwar-VirtualBox kernel: usb usb1: SerialNumber: 0000:00:06.0
Jul 31 10:30:47 lokeshwar-VirtualBox kernel: hub 1-0:1.0: USB hub found
Jul 31 10:30:47 lokeshwar-VirtualBox kernel: hub 1-0:1.0: 12 ports detected
Jul 31 10:30:47 lokeshwar-VirtualBox kernel: i8042: PNP: PS/2 Controller [PNP0303:PS2K,PNP0f03:PS2M] at 0x60,0x64 irq 1,12
Jul 31 10:30:47 lokeshwar-VirtualBox kernel: ehci-pci 0000:00:0b.0: EHCI Host Controller
Jul 31 10:30:47 lokeshwar-VirtualBox kernel: ehci-pci 0000:00:0b.0: new USB bus registered, assigned bus number 2
Jul 31 10:30:47 lokeshwar-VirtualBox kernel: ehci-pci 0000:00:0b.0: irq 19, io mem 0xf0840000
Jul 31 10:30:47 lokeshwar-VirtualBox kernel: serio: i8042 KBD port at 0x60,0x64 irq 1
Jul 31 10:30:47 lokeshwar-VirtualBox kernel: serio: i8042 AUX port at 0x60,0x64 irq 12
Jul 31 10:30:47 lokeshwar-VirtualBox kernel: mousedev: PS/2 mouse device common for all mice
Jul 31 10:30:47 lokeshwar-VirtualBox kernel: ehci-pci 0000:00:0b.0: USB 2.0 started, EHCI 1.00
Jul 31 10:30:47 lokeshwar-VirtualBox kernel: usb usb2: New USB device found, idVendor=1d6b, idProduct=0002, bcdDevice= 6.14
Jul 31 10:30:47 lokeshwar-VirtualBox kernel: usb usb2: New USB device strings: Mfr=3, Product=2, SerialNumber=1
Jul 31 10:30:47 lokeshwar-VirtualBox kernel: usb usb2: Product: EHCI Host Controller
Jul 31 10:30:47 lokeshwar-VirtualBox kernel: usb usb2: Manufacturer: Linux 6.14.0-24-generic ehci_hcd
Jul 31 10:30:47 lokeshwar-VirtualBox kernel: usb usb2: SerialNumber: 0000:00:0b.0
Jul 31 10:30:47 lokeshwar-VirtualBox kernel: hub 2-0:1.0: USB hub found
Jul 31 10:30:47 lokeshwar-VirtualBox kernel: hub 2-0:1.0: 12 ports detected
Jul 31 10:30:47 lokeshwar-VirtualBox kernel: input: AT Translated Set 2 keyboard as /devices/platform/i8042/serio0/input/input2
Jul 31 10:30:47 lokeshwar-VirtualBox kernel: rtc_cmos rtc_cmos: registered as rtc0
Jul 31 10:30:47 lokeshwar-VirtualBox kernel: rtc_cmos rtc_cmos: setting system clock to 2025-07-31T05:00:32 UTC (1753938032)
Jul 31 10:30:47 lokeshwar-VirtualBox kernel: rtc_cmos rtc_cmos: alarms up to one day, 114 bytes nvram
Jul 31 10:30:47 lokeshwar-VirtualBox kernel: i2c_dev: i2c /dev entries driver
Jul 31 10:30:47 lokeshwar-VirtualBox kernel: device-mapper: core: CONFIG_IMA_DISABLE_HTABLE is disabled. Duplicate IMA measurements will not be recorded in the IMA log.
Jul 31 10:30:47 lokeshwar-VirtualBox kernel: device-mapper: uevent: version 1.0.3
Jul 31 10:30:47 lokeshwar-VirtualBox kernel: device-mapper: ioctl: 4.49.0-ioctl (2025-01-17) initialised: dm-devel@lists.linux.dev
Jul 31 10:30:47 lokeshwar-VirtualBox kernel: drop_monitor: Initializing network drop monitor service
Jul 31 10:30:47 lokeshwar-VirtualBox kernel: NET: Registered PF_INET6 protocol family
Jul 31 10:30:47 lokeshwar-VirtualBox kernel: ata2.00: ATAPI: VBOX CD-ROM, 1.0, max UDMA/133
Jul 31 10:30:47 lokeshwar-VirtualBox kernel: scsi 1:0:0:0: CD-ROM            VBOX     CD-ROM           1.0  PQ: 0 ANSI: 5
Jul 31 10:30:47 lokeshwar-VirtualBox kernel: sr 1:0:0:0: [sr0] scsi3-mmc drive: 32x/32x xa/form2 tray
Jul 31 10:30:47 lokeshwar-VirtualBox kernel: cdrom: Uniform CD-ROM driver Revision: 3.20
Jul 31 10:30:47 lokeshwar-VirtualBox kernel: sr 1:0:0:0: Attached scsi CD-ROM sr0
Jul 31 10:30:47 lokeshwar-VirtualBox kernel: sr 1:0:0:0: Attached scsi generic sg0 type 5
Jul 31 10:30:47 lokeshwar-VirtualBox kernel: Freeing initrd memory: 71068K
Jul 31 10:30:47 lokeshwar-VirtualBox kernel: usb 1-1: new full-speed USB device number 2 using ohci-pci
Jul 31 10:30:47 lokeshwar-VirtualBox kernel: Segment Routing with IPv6
Jul 31 10:30:47 lokeshwar-VirtualBox kernel: In-situ OAM (IOAM) with IPv6
Jul 31 10:30:47 lokeshwar-VirtualBox kernel: NET: Registered PF_PACKET protocol family
Jul 31 10:30:47 lokeshwar-VirtualBox kernel: Key type dns_resolver registered
Jul 31 10:30:47 lokeshwar-VirtualBox kernel: IPI shorthand broadcast: enabled
Jul 31 10:30:47 lokeshwar-VirtualBox kernel: sched_clock: Marking stable (5180687697, 144823714)->(5923284372, -597772961)
Jul 31 10:30:47 lokeshwar-VirtualBox kernel: registered taskstats version 1
Jul 31 10:30:47 lokeshwar-VirtualBox kernel: Loading compiled-in X.509 certificates
Jul 31 10:30:47 lokeshwar-VirtualBox kernel: Loaded X.509 cert 'Build time autogenerated kernel key: 4389dfa14cd82ae64e9bb632af18fd3f98166e88'
Jul 31 10:30:47 lokeshwar-VirtualBox kernel: Loaded X.509 cert 'Canonical Ltd. Live Patch Signing 2025 Kmod: d541cef61dc7e793b7eb7e899970a2eef0b5dc8c'
Jul 31 10:30:47 lokeshwar-VirtualBox kernel: Loaded X.509 cert 'Canonical Ltd. Live Patch Signing: 14df34d1a87cf37625abec039ef2bf521249b969'
Jul 31 10:30:47 lokeshwar-VirtualBox kernel: Loaded X.509 cert 'Canonical Ltd. Kernel Module Signing: 88f752e560a1e0737e31163a466ad7b70a850c19'
Jul 31 10:30:47 lokeshwar-VirtualBox kernel: blacklist: Loading compiled-in revocation X.509 certificates
Jul 31 10:30:47 lokeshwar-VirtualBox kernel: Loaded X.509 cert 'Canonical Ltd. Secure Boot Signing: 61482aa2830d0ab2ad5af10b7250da9033ddcef0'
Jul 31 10:30:47 lokeshwar-VirtualBox kernel: Loaded X.509 cert 'Canonical Ltd. Secure Boot Signing (2017): 242ade75ac4a15e50d50c84b0d45ff3eae707a03'
Jul 31 10:30:47 lokeshwar-VirtualBox kernel: Loaded X.509 cert 'Canonical Ltd. Secure Boot Signing (ESM 2018): 365188c1d374d6b07c3c8f240f8ef722433d6a8b'
Jul 31 10:30:47 lokeshwar-VirtualBox kernel: Loaded X.509 cert 'Canonical Ltd. Secure Boot Signing (2019): c0746fd6c5da3ae827864651ad66ae47fe24b3e8'
Jul 31 10:30:47 lokeshwar-VirtualBox kernel: Loaded X.509 cert 'Canonical Ltd. Secure Boot Signing (2021 v1): a8d54bbb3825cfb94fa13c9f8a594a195c107b8d'
Jul 31 10:30:47 lokeshwar-VirtualBox kernel: Loaded X.509 cert 'Canonical Ltd. Secure Boot Signing (2021 v2): 4cf046892d6fd3c9a5b03f98d845f90851dc6a8c'
Jul 31 10:30:47 lokeshwar-VirtualBox kernel: Loaded X.509 cert 'Canonical Ltd. Secure Boot Signing (2021 v3): 100437bb6de6e469b581e61cd66bce3ef4ed53af'
Jul 31 10:30:47 lokeshwar-VirtualBox kernel: Loaded X.509 cert 'Canonical Ltd. Secure Boot Signing (Ubuntu Core 2019): c1d57b8f6b743f23ee41f4f7ee292f06eecadfb9'
Jul 31 10:30:47 lokeshwar-VirtualBox kernel: Demotion targets for Node 0: null
Jul 31 10:30:47 lokeshwar-VirtualBox kernel: Key type .fscrypt registered
Jul 31 10:30:47 lokeshwar-VirtualBox kernel: Key type fscrypt-provisioning registered
Jul 31 10:30:47 lokeshwar-VirtualBox kernel: Key type encrypted registered
Jul 31 10:30:47 lokeshwar-VirtualBox kernel: AppArmor: AppArmor sha256 policy hashing enabled
Jul 31 10:30:47 lokeshwar-VirtualBox kernel: ima: No TPM chip found, activating TPM-bypass!
Jul 31 10:30:47 lokeshwar-VirtualBox kernel: Loading compiled-in module X.509 certificates
Jul 31 10:30:47 lokeshwar-VirtualBox kernel: Loaded X.509 cert 'Build time autogenerated kernel key: 4389dfa14cd82ae64e9bb632af18fd3f98166e88'
Jul 31 10:30:47 lokeshwar-VirtualBox kernel: ima: Allocated hash algorithm: sha256
Jul 31 10:30:47 lokeshwar-VirtualBox kernel: ima: No architecture policies found
Jul 31 10:30:47 lokeshwar-VirtualBox kernel: evm: Initialising EVM extended attributes:
Jul 31 10:30:47 lokeshwar-VirtualBox kernel: evm: security.selinux
Jul 31 10:30:47 lokeshwar-VirtualBox kernel: evm: security.SMACK64
Jul 31 10:30:47 lokeshwar-VirtualBox kernel: evm: security.SMACK64EXEC
Jul 31 10:30:47 lokeshwar-VirtualBox kernel: evm: security.SMACK64TRANSMUTE
Jul 31 10:30:47 lokeshwar-VirtualBox kernel: evm: security.SMACK64MMAP
Jul 31 10:30:47 lokeshwar-VirtualBox kernel: evm: security.apparmor
Jul 31 10:30:47 lokeshwar-VirtualBox kernel: evm: security.ima
Jul 31 10:30:47 lokeshwar-VirtualBox kernel: evm: security.capability
Jul 31 10:30:47 lokeshwar-VirtualBox kernel: evm: HMAC attrs: 0x1
Jul 31 10:30:47 lokeshwar-VirtualBox kernel: PM:   Magic number: 1:825:12
Jul 31 10:30:47 lokeshwar-VirtualBox kernel: RAS: Correctable Errors collector initialized.
Jul 31 10:30:47 lokeshwar-VirtualBox kernel: usb 1-1: New USB device found, idVendor=80ee, idProduct=0021, bcdDevice= 1.00
Jul 31 10:30:47 lokeshwar-VirtualBox kernel: usb 1-1: New USB device strings: Mfr=1, Product=3, SerialNumber=0
Jul 31 10:30:47 lokeshwar-VirtualBox kernel: usb 1-1: Product: USB Tablet
Jul 31 10:30:47 lokeshwar-VirtualBox kernel: usb 1-1: Manufacturer: VirtualBox
Jul 31 10:30:47 lokeshwar-VirtualBox kernel: clk: Disabling unused clocks
Jul 31 10:30:47 lokeshwar-VirtualBox kernel: PM: genpd: Disabling unused power domains
Jul 31 10:30:47 lokeshwar-VirtualBox kernel: Freeing unused decrypted memory: 2028K
Jul 31 10:30:47 lokeshwar-VirtualBox kernel: Freeing unused kernel image (initmem) memory: 5132K
Jul 31 10:30:47 lokeshwar-VirtualBox kernel: Write protecting the kernel read-only data: 38912k
Jul 31 10:30:47 lokeshwar-VirtualBox kernel: Freeing unused kernel image (text/rodata gap) memory: 1084K
Jul 31 10:30:47 lokeshwar-VirtualBox kernel: Freeing unused kernel image (rodata/data gap) memory: 1336K
Jul 31 10:30:47 lokeshwar-VirtualBox kernel: x86/mm: Checked W+X mappings: passed, no W+X pages found.
Jul 31 10:30:47 lokeshwar-VirtualBox kernel: Run /init as init process
Jul 31 10:30:47 lokeshwar-VirtualBox kernel:   with arguments:
Jul 31 10:30:47 lokeshwar-VirtualBox kernel:     /init
Jul 31 10:30:47 lokeshwar-VirtualBox kernel:     splash
Jul 31 10:30:47 lokeshwar-VirtualBox kernel:   with environment:
Jul 31 10:30:47 lokeshwar-VirtualBox kernel:     HOME=/
Jul 31 10:30:47 lokeshwar-VirtualBox kernel:     TERM=linux
Jul 31 10:30:47 lokeshwar-VirtualBox kernel:     BOOT_IMAGE=/boot/vmlinuz-6.14.0-24-generic
Jul 31 10:30:47 lokeshwar-VirtualBox kernel: hid: raw HID events driver (C) Jiri Kosina
Jul 31 10:30:47 lokeshwar-VirtualBox kernel: ahci 0000:00:0d.0: version 3.0
Jul 31 10:30:47 lokeshwar-VirtualBox kernel: ACPI: video: Video Device [GFX0] (multi-head: yes  rom: no  post: no)
Jul 31 10:30:47 lokeshwar-VirtualBox kernel: ahci 0000:00:0d.0: SSS flag set, parallel bus scan disabled
Jul 31 10:30:47 lokeshwar-VirtualBox kernel: ahci 0000:00:0d.0: AHCI vers 0001.0100, 32 command slots, 3 Gbps, SATA mode
Jul 31 10:30:47 lokeshwar-VirtualBox kernel: ahci 0000:00:0d.0: 1/1 ports implemented (port mask 0x1)
Jul 31 10:30:47 lokeshwar-VirtualBox kernel: ahci 0000:00:0d.0: flags: 64bit ncq stag only ccc 
Jul 31 10:30:47 lokeshwar-VirtualBox kernel: input: Video Bus as /devices/LNXSYSTM:00/LNXSYBUS:00/PNP0A03:00/LNXVIDEO:00/input/input4
Jul 31 10:30:47 lokeshwar-VirtualBox kernel: e1000: Intel(R) PRO/1000 Network Driver
Jul 31 10:30:47 lokeshwar-VirtualBox kernel: e1000: Copyright (c) 1999-2006 Intel Corporation.
Jul 31 10:30:47 lokeshwar-VirtualBox kernel: scsi host2: ahci
Jul 31 10:30:47 lokeshwar-VirtualBox kernel: ata3: SATA max UDMA/133 abar m8192@0xf0842000 port 0xf0842100 irq 21 lpm-pol 0
Jul 31 10:30:47 lokeshwar-VirtualBox kernel: usbcore: registered new interface driver usbhid
Jul 31 10:30:47 lokeshwar-VirtualBox kernel: usbhid: USB HID core driver
Jul 31 10:30:47 lokeshwar-VirtualBox kernel: input: ImExPS/2 Generic Explorer Mouse as /devices/platform/i8042/serio1/input/input5
Jul 31 10:30:47 lokeshwar-VirtualBox kernel: ata3: SATA link up 3.0 Gbps (SStatus 123 SControl 300)
Jul 31 10:30:47 lokeshwar-VirtualBox kernel: ata3.00: ATA-6: VBOX HARDDISK, 1.0, max UDMA/133
Jul 31 10:30:47 lokeshwar-VirtualBox kernel: ata3.00: 52428800 sectors, multi 128: LBA48 NCQ (depth 32)
Jul 31 10:30:47 lokeshwar-VirtualBox kernel: ata3.00: configured for UDMA/133
Jul 31 10:30:47 lokeshwar-VirtualBox kernel: scsi 2:0:0:0: Direct-Access     ATA      VBOX HARDDISK    1.0  PQ: 0 ANSI: 5
Jul 31 10:30:47 lokeshwar-VirtualBox kernel: sd 2:0:0:0: [sda] 52428800 512-byte logical blocks: (26.8 GB/25.0 GiB)
Jul 31 10:30:47 lokeshwar-VirtualBox kernel: sd 2:0:0:0: [sda] Write Protect is off
Jul 31 10:30:47 lokeshwar-VirtualBox kernel: sd 2:0:0:0: [sda] Mode Sense: 00 3a 00 00
Jul 31 10:30:47 lokeshwar-VirtualBox kernel: sd 2:0:0:0: [sda] Write cache: enabled, read cache: enabled, doesn't support DPO or FUA
Jul 31 10:30:47 lokeshwar-VirtualBox kernel: sd 2:0:0:0: [sda] Preferred minimum I/O size 512 bytes
Jul 31 10:30:47 lokeshwar-VirtualBox kernel: sd 2:0:0:0: Attached scsi generic sg1 type 0
Jul 31 10:30:47 lokeshwar-VirtualBox kernel:  sda: sda1 sda2
Jul 31 10:30:47 lokeshwar-VirtualBox kernel: sd 2:0:0:0: [sda] Attached SCSI disk
Jul 31 10:30:47 lokeshwar-VirtualBox kernel: input: VirtualBox USB Tablet as /devices/pci0000:00/0000:00:06.0/usb1/1-1/1-1:1.0/0003:80EE:0021.0001/input/input6
Jul 31 10:30:47 lokeshwar-VirtualBox kernel: hid-generic 0003:80EE:0021.0001: input,hidraw0: USB HID v1.10 Mouse [VirtualBox USB Tablet] on usb-0000:00:06.0-1/input0
Jul 31 10:30:47 lokeshwar-VirtualBox kernel: vboxvideo 0000:00:02.0: vgaarb: deactivate vga console
Jul 31 10:30:47 lokeshwar-VirtualBox kernel: Console: switching to colour dummy device 80x25
Jul 31 10:30:47 lokeshwar-VirtualBox kernel: [drm] VRAM 08000000
Jul 31 10:30:47 lokeshwar-VirtualBox kernel: [drm] Initialized vboxvideo 1.0.0 for 0000:00:02.0 on minor 0
Jul 31 10:30:47 lokeshwar-VirtualBox kernel: fbcon: vboxvideodrmfb (fb0) is primary device
Jul 31 10:30:47 lokeshwar-VirtualBox kernel: vboxvideo 0000:00:02.0: [drm] drm_plane_enable_fb_damage_clips() not called
Jul 31 10:30:47 lokeshwar-VirtualBox kernel: Console: switching to colour frame buffer device 170x40
Jul 31 10:30:47 lokeshwar-VirtualBox kernel: vboxvideo 0000:00:02.0: [drm] fb0: vboxvideodrmfb frame buffer device
Jul 31 10:30:47 lokeshwar-VirtualBox kernel: e1000 0000:00:03.0 eth0: (PCI:33MHz:32-bit) 08:00:27:0f:86:84
Jul 31 10:30:47 lokeshwar-VirtualBox kernel: e1000 0000:00:03.0 eth0: Intel(R) PRO/1000 Network Connection
Jul 31 10:30:47 lokeshwar-VirtualBox kernel: e1000 0000:00:08.0 eth1: (PCI:33MHz:32-bit) 08:00:27:5c:0d:4e
Jul 31 10:30:47 lokeshwar-VirtualBox kernel: e1000 0000:00:08.0 eth1: Intel(R) PRO/1000 Network Connection
Jul 31 10:30:47 lokeshwar-VirtualBox kernel: e1000 0000:00:03.0 enp0s3: renamed from eth0
Jul 31 10:30:47 lokeshwar-VirtualBox kernel: e1000 0000:00:08.0 enp0s8: renamed from eth1
Jul 31 10:30:47 lokeshwar-VirtualBox kernel: workqueue: blk_mq_run_work_fn hogged CPU for >10000us 4 times, consider switching to WQ_UNBOUND
Jul 31 10:30:47 lokeshwar-VirtualBox kernel: workqueue: blk_mq_run_work_fn hogged CPU for >10000us 5 times, consider switching to WQ_UNBOUND
Jul 31 10:30:47 lokeshwar-VirtualBox kernel: workqueue: blk_mq_run_work_fn hogged CPU for >10000us 7 times, consider switching to WQ_UNBOUND
Jul 31 10:30:47 lokeshwar-VirtualBox kernel: EXT4-fs (sda2): mounted filesystem bb8ce4b7-2af6-4496-aee7-7aab5227527b ro with ordered data mode. Quota mode: none.
Jul 31 10:30:47 lokeshwar-VirtualBox systemd[1]: Inserted module 'autofs4'
Jul 31 10:30:47 lokeshwar-VirtualBox systemd[1]: systemd 255.4-1ubuntu8.10 running in system mode (+PAM +AUDIT +SELINUX +APPARMOR +IMA +SMACK +SECCOMP +GCRYPT -GNUTLS +OPENSSL +ACL +BLKID +CURL +ELFUTILS +FIDO2 +IDN2 -IDN +IPTC +KMOD +LIBCRYPTSETUP +LIBFDISK +PCRE2 -PWQUALITY +P11KIT +QRENCODE +TPM2 +BZIP2 +LZ4 +XZ +ZLIB +ZSTD -BPF_FRAMEWORK -XKBCOMMON +UTMP +SYSVINIT default-hierarchy=unified)
Jul 31 10:30:47 lokeshwar-VirtualBox systemd[1]: Detected virtualization oracle.
Jul 31 10:30:47 lokeshwar-VirtualBox systemd[1]: Detected architecture x86-64.
Jul 31 10:30:47 lokeshwar-VirtualBox systemd[1]: Invalid DMI field header.
Jul 31 10:30:47 lokeshwar-VirtualBox systemd[1]: Hostname set to <lokeshwar-VirtualBox>.
Jul 31 10:30:47 lokeshwar-VirtualBox systemd[1]: Queued start job for default target graphical.target.
Jul 31 10:30:47 lokeshwar-VirtualBox systemd[1]: Created slice system-modprobe.slice - Slice /system/modprobe.
Jul 31 10:30:47 lokeshwar-VirtualBox systemd[1]: Created slice user.slice - User and Session Slice.
Jul 31 10:30:47 lokeshwar-VirtualBox systemd[1]: Started systemd-ask-password-wall.path - Forward Password Requests to Wall Directory Watch.
Jul 31 10:30:47 lokeshwar-VirtualBox systemd[1]: Set up automount proc-sys-fs-binfmt_misc.automount - Arbitrary Executable File Formats File System Automount Point.
Jul 31 10:30:47 lokeshwar-VirtualBox systemd[1]: Reached target integritysetup.target - Local Integrity Protected Volumes.
Jul 31 10:30:47 lokeshwar-VirtualBox systemd[1]: Reached target remote-fs.target - Remote File Systems.
Jul 31 10:30:47 lokeshwar-VirtualBox systemd[1]: Reached target slices.target - Slice Units.
Jul 31 10:30:47 lokeshwar-VirtualBox systemd[1]: Reached target snapd.mounts-pre.target - Mounting snaps.
Jul 31 10:30:47 lokeshwar-VirtualBox systemd[1]: Reached target time-set.target - System Time Set.
Jul 31 10:30:47 lokeshwar-VirtualBox systemd[1]: Reached target veritysetup.target - Local Verity Protected Volumes.
Jul 31 10:30:47 lokeshwar-VirtualBox systemd[1]: Listening on syslog.socket - Syslog Socket.
Jul 31 10:30:47 lokeshwar-VirtualBox systemd[1]: Listening on systemd-fsckd.socket - fsck to fsckd communication Socket.
Jul 31 10:30:47 lokeshwar-VirtualBox systemd[1]: Listening on systemd-initctl.socket - initctl Compatibility Named Pipe.
Jul 31 10:30:47 lokeshwar-VirtualBox systemd[1]: Listening on systemd-journald-dev-log.socket - Journal Socket (/dev/log).
Jul 31 10:30:47 lokeshwar-VirtualBox systemd[1]: Listening on systemd-journald.socket - Journal Socket.
Jul 31 10:30:47 lokeshwar-VirtualBox systemd[1]: Listening on systemd-oomd.socket - Userspace Out-Of-Memory (OOM) Killer Socket.
Jul 31 10:30:47 lokeshwar-VirtualBox systemd[1]: systemd-pcrextend.socket - TPM2 PCR Extension (Varlink) was skipped because of an unmet condition check (ConditionSecurity=measured-uki).
Jul 31 10:30:47 lokeshwar-VirtualBox systemd[1]: Listening on systemd-udevd-control.socket - udev Control Socket.
Jul 31 10:30:47 lokeshwar-VirtualBox systemd[1]: Listening on systemd-udevd-kernel.socket - udev Kernel Socket.
Jul 31 10:30:47 lokeshwar-VirtualBox systemd[1]: Mounting dev-hugepages.mount - Huge Pages File System...
Jul 31 10:30:47 lokeshwar-VirtualBox systemd[1]: Mounting dev-mqueue.mount - POSIX Message Queue File System...
Jul 31 10:30:47 lokeshwar-VirtualBox systemd[1]: Mounting sys-kernel-debug.mount - Kernel Debug File System...
Jul 31 10:30:47 lokeshwar-VirtualBox systemd[1]: Mounting sys-kernel-tracing.mount - Kernel Trace File System...
Jul 31 10:30:47 lokeshwar-VirtualBox systemd[1]: Starting systemd-journald.service - Journal Service...
Jul 31 10:30:47 lokeshwar-VirtualBox systemd[1]: Starting keyboard-setup.service - Set the console keyboard layout...
Jul 31 10:30:47 lokeshwar-VirtualBox systemd[1]: Starting kmod-static-nodes.service - Create List of Static Device Nodes...
Jul 31 10:30:47 lokeshwar-VirtualBox systemd[1]: Starting modprobe@configfs.service - Load Kernel Module configfs...
Jul 31 10:30:47 lokeshwar-VirtualBox systemd[1]: Starting modprobe@dm_mod.service - Load Kernel Module dm_mod...
Jul 31 10:30:47 lokeshwar-VirtualBox systemd[1]: Starting modprobe@drm.service - Load Kernel Module drm...
Jul 31 10:30:47 lokeshwar-VirtualBox systemd-journald[269]: Collecting audit messages is disabled.
Jul 31 10:30:47 lokeshwar-VirtualBox systemd[1]: Starting modprobe@efi_pstore.service - Load Kernel Module efi_pstore...
Jul 31 10:30:47 lokeshwar-VirtualBox systemd[1]: Starting modprobe@fuse.service - Load Kernel Module fuse...
Jul 31 10:30:47 lokeshwar-VirtualBox systemd[1]: Starting modprobe@loop.service - Load Kernel Module loop...
Jul 31 10:30:47 lokeshwar-VirtualBox systemd[1]: systemd-fsck-root.service - File System Check on Root Device was skipped because of an unmet condition check (ConditionPathExists=!/run/initramfs/fsck-root).
Jul 31 10:30:47 lokeshwar-VirtualBox systemd-journald[269]: Journal started
Jul 31 10:30:47 lokeshwar-VirtualBox systemd-journald[269]: Runtime Journal (/run/log/journal/247e5dbc64f64a9c96c6bdfe8be81448) is 4.8M, max 39.1M, 34.2M free.
Jul 31 10:30:47 lokeshwar-VirtualBox systemd[1]: Starting systemd-modules-load.service - Load Kernel Modules...
Jul 31 10:30:47 lokeshwar-VirtualBox systemd[1]: systemd-pcrmachine.service - TPM2 PCR Machine ID Measurement was skipped because of an unmet condition check (ConditionSecurity=measured-uki).
Jul 31 10:30:47 lokeshwar-VirtualBox systemd[1]: Starting systemd-remount-fs.service - Remount Root and Kernel File Systems...
Jul 31 10:30:47 lokeshwar-VirtualBox systemd[1]: systemd-tpm2-setup-early.service - TPM2 SRK Setup (Early) was skipped because of an unmet condition check (ConditionSecurity=measured-uki).
Jul 31 10:30:47 lokeshwar-VirtualBox systemd[1]: Starting systemd-udev-trigger.service - Coldplug All udev Devices...
Jul 31 10:30:47 lokeshwar-VirtualBox systemd[1]: Started systemd-journald.service - Journal Service.
Jul 31 10:30:47 lokeshwar-VirtualBox systemd[1]: Mounted dev-hugepages.mount - Huge Pages File System.
Jul 31 10:30:47 lokeshwar-VirtualBox systemd[1]: Mounted dev-mqueue.mount - POSIX Message Queue File System.
Jul 31 10:30:47 lokeshwar-VirtualBox systemd[1]: Mounted sys-kernel-debug.mount - Kernel Debug File System.
Jul 31 10:30:47 lokeshwar-VirtualBox systemd[1]: Mounted sys-kernel-tracing.mount - Kernel Trace File System.
Jul 31 10:30:47 lokeshwar-VirtualBox systemd[1]: Finished keyboard-setup.service - Set the console keyboard layout.
Jul 31 10:30:47 lokeshwar-VirtualBox systemd[1]: Finished kmod-static-nodes.service - Create List of Static Device Nodes.
Jul 31 10:30:47 lokeshwar-VirtualBox systemd[1]: modprobe@configfs.service: Deactivated successfully.
Jul 31 10:30:47 lokeshwar-VirtualBox systemd[1]: Finished modprobe@configfs.service - Load Kernel Module configfs.
Jul 31 10:30:47 lokeshwar-VirtualBox systemd[1]: modprobe@dm_mod.service: Deactivated successfully.
Jul 31 10:30:47 lokeshwar-VirtualBox systemd[1]: Finished modprobe@dm_mod.service - Load Kernel Module dm_mod.
Jul 31 10:30:47 lokeshwar-VirtualBox systemd[1]: modprobe@drm.service: Deactivated successfully.
Jul 31 10:30:47 lokeshwar-VirtualBox systemd[1]: Finished modprobe@drm.service - Load Kernel Module drm.
Jul 31 10:30:47 lokeshwar-VirtualBox systemd[1]: modprobe@efi_pstore.service: Deactivated successfully.
Jul 31 10:30:47 lokeshwar-VirtualBox systemd[1]: Finished modprobe@efi_pstore.service - Load Kernel Module efi_pstore.
Jul 31 10:30:47 lokeshwar-VirtualBox systemd[1]: modprobe@fuse.service: Deactivated successfully.
Jul 31 10:30:47 lokeshwar-VirtualBox systemd[1]: Finished modprobe@fuse.service - Load Kernel Module fuse.
Jul 31 10:30:47 lokeshwar-VirtualBox systemd[1]: modprobe@loop.service: Deactivated successfully.
Jul 31 10:30:47 lokeshwar-VirtualBox systemd[1]: Finished modprobe@loop.service - Load Kernel Module loop.
Jul 31 10:30:47 lokeshwar-VirtualBox systemd[1]: Mounting sys-fs-fuse-connections.mount - FUSE Control File System...
Jul 31 10:30:47 lokeshwar-VirtualBox kernel: EXT4-fs (sda2): re-mounted bb8ce4b7-2af6-4496-aee7-7aab5227527b r/w. Quota mode: none.
Jul 31 10:30:47 lokeshwar-VirtualBox systemd[1]: Mounting sys-kernel-config.mount - Kernel Configuration File System...
Jul 31 10:30:47 lokeshwar-VirtualBox systemd[1]: systemd-repart.service - Repartition Root Disk was skipped because no trigger condition checks were met.
Jul 31 10:30:47 lokeshwar-VirtualBox kernel: lp: driver loaded but no devices found
Jul 31 10:30:47 lokeshwar-VirtualBox systemd-modules-load[288]: Inserted module 'lp'
Jul 31 10:30:47 lokeshwar-VirtualBox systemd[1]: Starting systemd-tmpfiles-setup-dev-early.service - Create Static Device Nodes in /dev gracefully...
Jul 31 10:30:47 lokeshwar-VirtualBox systemd[1]: Finished systemd-remount-fs.service - Remount Root and Kernel File Systems.
Jul 31 10:30:47 lokeshwar-VirtualBox systemd[1]: Mounted sys-fs-fuse-connections.mount - FUSE Control File System.
Jul 31 10:30:47 lokeshwar-VirtualBox kernel: ppdev: user-space parallel port driver
Jul 31 10:30:47 lokeshwar-VirtualBox systemd-modules-load[288]: Inserted module 'ppdev'
Jul 31 10:30:47 lokeshwar-VirtualBox systemd[1]: Activating swap swap.img.swap - /swap.img...
Jul 31 10:30:47 lokeshwar-VirtualBox systemd[1]: systemd-hwdb-update.service - Rebuild Hardware Database was skipped because of an unmet condition check (ConditionNeedsUpdate=/etc).
Jul 31 10:30:47 lokeshwar-VirtualBox systemd[1]: Starting systemd-journal-flush.service - Flush Journal to Persistent Storage...
Jul 31 10:30:47 lokeshwar-VirtualBox systemd[1]: systemd-pstore.service - Platform Persistent Storage Archival was skipped because of an unmet condition check (ConditionDirectoryNotEmpty=/sys/fs/pstore).
Jul 31 10:30:47 lokeshwar-VirtualBox systemd[1]: Starting systemd-random-seed.service - Load/Save OS Random Seed...
Jul 31 10:30:47 lokeshwar-VirtualBox systemd[1]: systemd-tpm2-setup.service - TPM2 SRK Setup was skipped because of an unmet condition check (ConditionSecurity=measured-uki).
Jul 31 10:30:47 lokeshwar-VirtualBox systemd[1]: Mounted sys-kernel-config.mount - Kernel Configuration File System.
Jul 31 10:30:47 lokeshwar-VirtualBox systemd-modules-load[288]: Inserted module 'parport_pc'
Jul 31 10:30:47 lokeshwar-VirtualBox systemd-modules-load[288]: Inserted module 'msr'
Jul 31 10:30:47 lokeshwar-VirtualBox systemd-journald[269]: Time spent on flushing to /var/log/journal/247e5dbc64f64a9c96c6bdfe8be81448 is 457.695ms for 591 entries.
Jul 31 10:30:47 lokeshwar-VirtualBox systemd-journald[269]: System Journal (/var/log/journal/247e5dbc64f64a9c96c6bdfe8be81448) is 153.9M, max 2.4G, 2.2G free.
Jul 31 10:30:48 lokeshwar-VirtualBox systemd-journald[269]: Received client request to flush runtime journal.
Jul 31 10:30:48 lokeshwar-VirtualBox kernel: Adding 4008956k swap on /swap.img.  Priority:-2 extents:4 across:4533244k 
Jul 31 10:30:48 lokeshwar-VirtualBox systemd-journald[269]: /var/log/journal/247e5dbc64f64a9c96c6bdfe8be81448/system.journal: Journal file uses a different sequence number ID, rotating.
Jul 31 10:30:48 lokeshwar-VirtualBox systemd-journald[269]: Rotating system journal.
Jul 31 10:30:48 lokeshwar-VirtualBox kernel: loop0: detected capacity change from 0 to 8
Jul 31 10:30:48 lokeshwar-VirtualBox kernel: loop1: detected capacity change from 0 to 151328
Jul 31 10:30:48 lokeshwar-VirtualBox kernel: loop2: detected capacity change from 0 to 151376
Jul 31 10:30:48 lokeshwar-VirtualBox kernel: loop3: detected capacity change from 0 to 502400
Jul 31 10:30:47 lokeshwar-VirtualBox systemd[1]: Finished systemd-modules-load.service - Load Kernel Modules.
Jul 31 10:30:47 lokeshwar-VirtualBox systemd[1]: Starting systemd-sysctl.service - Apply Kernel Variables...
Jul 31 10:30:47 lokeshwar-VirtualBox systemd[1]: Activated swap swap.img.swap - /swap.img.
Jul 31 10:30:47 lokeshwar-VirtualBox systemd[1]: Finished systemd-udev-trigger.service - Coldplug All udev Devices.
Jul 31 10:30:47 lokeshwar-VirtualBox systemd[1]: Reached target swap.target - Swaps.
Jul 31 10:30:48 lokeshwar-VirtualBox systemd[1]: Finished systemd-tmpfiles-setup-dev-early.service - Create Static Device Nodes in /dev gracefully.
Jul 31 10:30:48 lokeshwar-VirtualBox systemd[1]: systemd-sysusers.service - Create System Users was skipped because no trigger condition checks were met.
Jul 31 10:30:48 lokeshwar-VirtualBox kernel: loop4: detected capacity change from 0 to 502024
Jul 31 10:30:48 lokeshwar-VirtualBox systemd[1]: Starting systemd-tmpfiles-setup-dev.service - Create Static Device Nodes in /dev...
Jul 31 10:30:48 lokeshwar-VirtualBox systemd[1]: Finished systemd-random-seed.service - Load/Save OS Random Seed.
Jul 31 10:30:48 lokeshwar-VirtualBox systemd[1]: Finished systemd-tmpfiles-setup-dev.service - Create Static Device Nodes in /dev.
Jul 31 10:30:48 lokeshwar-VirtualBox systemd[1]: Reached target local-fs-pre.target - Preparation for Local File Systems.
Jul 31 10:30:48 lokeshwar-VirtualBox systemd[1]: Mounting snap-bare-5.mount - Mount unit for bare, revision 5...
Jul 31 10:30:48 lokeshwar-VirtualBox systemd[1]: Mounting snap-core22-1748.mount - Mount unit for core22, revision 1748...
Jul 31 10:30:48 lokeshwar-VirtualBox systemd[1]: Mounting snap-core22-2045.mount - Mount unit for core22, revision 2045...
Jul 31 10:30:48 lokeshwar-VirtualBox systemd[1]: Mounting snap-firefox-6495.mount - Mount unit for firefox, revision 6495...
Jul 31 10:30:48 lokeshwar-VirtualBox systemd[1]: Mounting snap-firefox-6565.mount - Mount unit for firefox, revision 6565...
Jul 31 10:30:48 lokeshwar-VirtualBox systemd[1]: Mounting snap-firmware\x2dupdater-167.mount - Mount unit for firmware-updater, revision 167...
Jul 31 10:30:48 lokeshwar-VirtualBox systemd[1]: Mounting snap-gnome\x2d42\x2d2204-202.mount - Mount unit for gnome-42-2204, revision 202...
Jul 31 10:30:48 lokeshwar-VirtualBox systemd[1]: Mounting snap-gtk\x2dcommon\x2dthemes-1535.mount - Mount unit for gtk-common-themes, revision 1535...
Jul 31 10:30:48 lokeshwar-VirtualBox systemd[1]: Mounting snap-snap\x2dstore-1248.mount - Mount unit for snap-store, revision 1248...
Jul 31 10:30:48 lokeshwar-VirtualBox kernel: loop5: detected capacity change from 0 to 22800
Jul 31 10:30:48 lokeshwar-VirtualBox systemd[1]: Mounting snap-snapd-23545.mount - Mount unit for snapd, revision 23545...
Jul 31 10:30:48 lokeshwar-VirtualBox kernel: loop6: detected capacity change from 0 to 1056784
Jul 31 10:30:48 lokeshwar-VirtualBox kernel: loop7: detected capacity change from 0 to 187776
Jul 31 10:30:48 lokeshwar-VirtualBox systemd[1]: Mounting snap-snapd-24792.mount - Mount unit for snapd, revision 24792...
Jul 31 10:30:48 lokeshwar-VirtualBox systemd[1]: Mounting snap-snapd\x2ddesktop\x2dintegration-253.mount - Mount unit for snapd-desktop-integration, revision 253...
Jul 31 10:30:48 lokeshwar-VirtualBox kernel: loop8: detected capacity change from 0 to 22056
Jul 31 10:30:48 lokeshwar-VirtualBox systemd[1]: Mounting snap-snapd\x2ddesktop\x2dintegration-315.mount - Mount unit for snapd-desktop-integration, revision 315...
Jul 31 10:30:48 lokeshwar-VirtualBox kernel: loop9: detected capacity change from 0 to 100952
Jul 31 10:30:48 lokeshwar-VirtualBox kernel: loop10: detected capacity change from 0 to 1136
Jul 31 10:30:48 lokeshwar-VirtualBox systemd[1]: Starting systemd-udevd.service - Rule-based Manager for Device Events and Files...
Jul 31 10:30:48 lokeshwar-VirtualBox kernel: loop11: detected capacity change from 0 to 91008
Jul 31 10:30:48 lokeshwar-VirtualBox kernel: loop12: detected capacity change from 0 to 1152
Jul 31 10:30:48 lokeshwar-VirtualBox systemd[1]: Finished systemd-journal-flush.service - Flush Journal to Persistent Storage.
Jul 31 10:30:48 lokeshwar-VirtualBox systemd[1]: Finished systemd-sysctl.service - Apply Kernel Variables.
Jul 31 10:30:48 lokeshwar-VirtualBox systemd[1]: Mounted snap-bare-5.mount - Mount unit for bare, revision 5.
Jul 31 10:30:48 lokeshwar-VirtualBox systemd[1]: Mounted snap-core22-1748.mount - Mount unit for core22, revision 1748.
Jul 31 10:30:48 lokeshwar-VirtualBox systemd[1]: Mounted snap-core22-2045.mount - Mount unit for core22, revision 2045.
Jul 31 10:30:48 lokeshwar-VirtualBox systemd[1]: Mounted snap-firefox-6495.mount - Mount unit for firefox, revision 6495.
Jul 31 10:30:48 lokeshwar-VirtualBox systemd[1]: Mounted snap-firefox-6565.mount - Mount unit for firefox, revision 6565.
Jul 31 10:30:48 lokeshwar-VirtualBox systemd[1]: Mounted snap-firmware\x2dupdater-167.mount - Mount unit for firmware-updater, revision 167.
Jul 31 10:30:48 lokeshwar-VirtualBox systemd[1]: Mounted snap-gnome\x2d42\x2d2204-202.mount - Mount unit for gnome-42-2204, revision 202.
Jul 31 10:30:48 lokeshwar-VirtualBox systemd[1]: Mounted snap-gtk\x2dcommon\x2dthemes-1535.mount - Mount unit for gtk-common-themes, revision 1535.
Jul 31 10:30:48 lokeshwar-VirtualBox systemd[1]: Mounted snap-snap\x2dstore-1248.mount - Mount unit for snap-store, revision 1248.
Jul 31 10:30:48 lokeshwar-VirtualBox systemd[1]: Mounted snap-snapd-23545.mount - Mount unit for snapd, revision 23545.
Jul 31 10:30:48 lokeshwar-VirtualBox systemd[1]: Mounted snap-snapd-24792.mount - Mount unit for snapd, revision 24792.
Jul 31 10:30:48 lokeshwar-VirtualBox systemd[1]: Mounted snap-snapd\x2ddesktop\x2dintegration-253.mount - Mount unit for snapd-desktop-integration, revision 253.
Jul 31 10:30:48 lokeshwar-VirtualBox systemd[1]: Mounted snap-snapd\x2ddesktop\x2dintegration-315.mount - Mount unit for snapd-desktop-integration, revision 315.
Jul 31 10:30:48 lokeshwar-VirtualBox systemd[1]: Reached target snapd.mounts.target - Mounted snaps.
Jul 31 10:30:48 lokeshwar-VirtualBox systemd[1]: Reached target local-fs.target - Local File Systems.
Jul 31 10:30:48 lokeshwar-VirtualBox systemd[1]: Listening on systemd-sysext.socket - System Extension Image Management (Varlink).
Jul 31 10:30:48 lokeshwar-VirtualBox systemd[1]: Starting apparmor.service - Load AppArmor profiles...
Jul 31 10:30:48 lokeshwar-VirtualBox systemd[1]: Starting console-setup.service - Set console font and keymap...
Jul 31 10:30:48 lokeshwar-VirtualBox systemd-udevd[343]: Using default interface naming scheme 'v255'.
Jul 31 10:30:48 lokeshwar-VirtualBox systemd[1]: ldconfig.service - Rebuild Dynamic Linker Cache was skipped because no trigger condition checks were met.
Jul 31 10:30:48 lokeshwar-VirtualBox systemd[1]: Starting plymouth-read-write.service - Tell Plymouth To Write Out Runtime Data...
Jul 31 10:30:49 lokeshwar-VirtualBox systemd[1]: Starting systemd-binfmt.service - Set Up Additional Binary Formats...
Jul 31 10:30:49 lokeshwar-VirtualBox systemd[1]: Starting systemd-tmpfiles-setup.service - Create Volatile Files and Directories...
Jul 31 10:30:49 lokeshwar-VirtualBox apparmor.systemd[361]: Restarting AppArmor
Jul 31 10:30:49 lokeshwar-VirtualBox systemd[1]: Starting ufw.service - Uncomplicated firewall...
Jul 31 10:30:49 lokeshwar-VirtualBox apparmor.systemd[361]: Reloading AppArmor profiles
Jul 31 10:30:49 lokeshwar-VirtualBox systemd[1]: Finished console-setup.service - Set console font and keymap.
Jul 31 10:30:49 lokeshwar-VirtualBox systemd[1]: Finished plymouth-read-write.service - Tell Plymouth To Write Out Runtime Data.
Jul 31 10:30:49 lokeshwar-VirtualBox systemd[1]: Received SIGRTMIN+20 from PID 194 (plymouthd).
Jul 31 10:30:49 lokeshwar-VirtualBox systemd[1]: proc-sys-fs-binfmt_misc.automount: Got automount request for /proc/sys/fs/binfmt_misc, triggered by 368 (systemd-binfmt)
Jul 31 10:30:49 lokeshwar-VirtualBox systemd[1]: Mounting proc-sys-fs-binfmt_misc.mount - Arbitrary Executable File Formats File System...
Jul 31 10:30:49 lokeshwar-VirtualBox systemd[1]: Finished ufw.service - Uncomplicated firewall.
Jul 31 10:30:49 lokeshwar-VirtualBox systemd[1]: Reached target network-pre.target - Preparation for Network.
Jul 31 10:30:49 lokeshwar-VirtualBox systemd[1]: Mounted proc-sys-fs-binfmt_misc.mount - Arbitrary Executable File Formats File System.
Jul 31 10:30:49 lokeshwar-VirtualBox systemd[1]: Finished systemd-binfmt.service - Set Up Additional Binary Formats.
Jul 31 10:30:49 lokeshwar-VirtualBox kernel: audit: type=1400 audit(1753938049.319:2): apparmor="STATUS" operation="profile_load" profile="unconfined" name="1password" pid=383 comm="apparmor_parser"
Jul 31 10:30:49 lokeshwar-VirtualBox kernel: audit: type=1400 audit(1753938049.319:3): apparmor="STATUS" operation="profile_load" profile="unconfined" name="Discord" pid=384 comm="apparmor_parser"
Jul 31 10:30:49 lokeshwar-VirtualBox kernel: audit: type=1400 audit(1753938049.346:4): apparmor="STATUS" operation="profile_load" profile="unconfined" name="QtWebEngineProcess" pid=388 comm="apparmor_parser"
Jul 31 10:30:49 lokeshwar-VirtualBox kernel: audit: type=1400 audit(1753938049.353:5): apparmor="STATUS" operation="profile_load" profile="unconfined" name=4D6F6E676F444220436F6D70617373 pid=387 comm="apparmor_parser"
Jul 31 10:30:49 lokeshwar-VirtualBox kernel: audit: type=1400 audit(1753938049.356:6): apparmor="STATUS" operation="profile_load" profile="unconfined" name="balena-etcher" pid=389 comm="apparmor_parser"
Jul 31 10:30:49 lokeshwar-VirtualBox kernel: audit: type=1400 audit(1753938049.367:7): apparmor="STATUS" operation="profile_load" profile="unconfined" name="brave" pid=390 comm="apparmor_parser"
Jul 31 10:30:49 lokeshwar-VirtualBox kernel: audit: type=1400 audit(1753938049.379:8): apparmor="STATUS" operation="profile_load" profile="unconfined" name="busybox" pid=392 comm="apparmor_parser"
Jul 31 10:30:49 lokeshwar-VirtualBox kernel: audit: type=1400 audit(1753938049.383:9): apparmor="STATUS" operation="profile_load" profile="unconfined" name="buildah" pid=391 comm="apparmor_parser"
Jul 31 10:30:49 lokeshwar-VirtualBox kernel: audit: type=1400 audit(1753938049.402:10): apparmor="STATUS" operation="profile_load" profile="unconfined" name="ch-checkns" pid=394 comm="apparmor_parser"
Jul 31 10:30:49 lokeshwar-VirtualBox kernel: audit: type=1400 audit(1753938049.409:11): apparmor="STATUS" operation="profile_load" profile="unconfined" name="cam" pid=393 comm="apparmor_parser"
Jul 31 10:30:49 lokeshwar-VirtualBox systemd[1]: Started systemd-udevd.service - Rule-based Manager for Device Events and Files.
Jul 31 10:30:49 lokeshwar-VirtualBox systemd[1]: Starting plymouth-start.service - Show Plymouth Boot Screen...
Jul 31 10:30:49 lokeshwar-VirtualBox systemd[1]: Finished systemd-tmpfiles-setup.service - Create Volatile Files and Directories.
Jul 31 10:30:49 lokeshwar-VirtualBox systemd[1]: Starting auditd.service - Security Auditing Service...
Jul 31 10:30:49 lokeshwar-VirtualBox systemd[1]: systemd-firstboot.service - First Boot Wizard was skipped because of an unmet condition check (ConditionFirstBoot=yes).
Jul 31 10:30:49 lokeshwar-VirtualBox systemd[1]: first-boot-complete.target - First Boot Complete was skipped because of an unmet condition check (ConditionFirstBoot=yes).
Jul 31 10:30:49 lokeshwar-VirtualBox systemd[1]: systemd-journal-catalog-update.service - Rebuild Journal Catalog was skipped because of an unmet condition check (ConditionNeedsUpdate=/var).
Jul 31 10:30:49 lokeshwar-VirtualBox systemd[1]: systemd-machine-id-commit.service - Commit a transient machine-id on disk was skipped because of an unmet condition check (ConditionPathIsMountPoint=/etc/machine-id).
Jul 31 10:30:49 lokeshwar-VirtualBox systemd[1]: Starting systemd-oomd.service - Userspace Out-Of-Memory (OOM) Killer...
Jul 31 10:30:49 lokeshwar-VirtualBox systemd[1]: Starting systemd-resolved.service - Network Name Resolution...
Jul 31 10:30:49 lokeshwar-VirtualBox systemd[1]: systemd-update-done.service - Update is Completed was skipped because no trigger condition checks were met.
Jul 31 10:30:49 lokeshwar-VirtualBox auditd[436]: No plugins found, not dispatching events
Jul 31 10:30:49 lokeshwar-VirtualBox auditd[436]: Init complete, auditd 3.1.2 listening for events (startup state enable)
Jul 31 10:30:50 lokeshwar-VirtualBox systemd[1]: Started plymouth-start.service - Show Plymouth Boot Screen.
Jul 31 10:30:50 lokeshwar-VirtualBox systemd[1]: systemd-ask-password-console.path - Dispatch Password Requests to Console Directory Watch was skipped because of an unmet condition check (ConditionPathExists=!/run/plymouth/pid).
Jul 31 10:30:50 lokeshwar-VirtualBox systemd[1]: Started systemd-ask-password-plymouth.path - Forward Password Requests to Plymouth Directory Watch.
Jul 31 10:30:50 lokeshwar-VirtualBox systemd[1]: Reached target cryptsetup.target - Local Encrypted Volumes.
Jul 31 10:30:50 lokeshwar-VirtualBox augenrules[444]: /sbin/augenrules: No change
Jul 31 10:30:50 lokeshwar-VirtualBox systemd[1]: Started systemd-oomd.service - Userspace Out-Of-Memory (OOM) Killer.
Jul 31 10:30:50 lokeshwar-VirtualBox systemd-resolved[432]: Positive Trust Anchors:
Jul 31 10:30:50 lokeshwar-VirtualBox systemd-resolved[432]: . IN DS 20326 8 2 e06d44b80b8f1d39a95c0b0d7c65d08458e880409bbc683457104237c7f8ec8d
Jul 31 10:30:50 lokeshwar-VirtualBox systemd-resolved[432]: Negative trust anchors: home.arpa 10.in-addr.arpa 16.172.in-addr.arpa 17.172.in-addr.arpa 18.172.in-addr.arpa 19.172.in-addr.arpa 20.172.in-addr.arpa 21.172.in-addr.arpa 22.172.in-addr.arpa 23.172.in-addr.arpa 24.172.in-addr.arpa 25.172.in-addr.arpa 26.172.in-addr.arpa 27.172.in-addr.arpa 28.172.in-addr.arpa 29.172.in-addr.arpa 30.172.in-addr.arpa 31.172.in-addr.arpa 170.0.0.192.in-addr.arpa 171.0.0.192.in-addr.arpa 168.192.in-addr.arpa d.f.ip6.arpa ipv4only.arpa corp home internal intranet lan local private test
Jul 31 10:30:50 lokeshwar-VirtualBox augenrules[484]: No rules
Jul 31 10:30:50 lokeshwar-VirtualBox augenrules[484]: enabled 1
Jul 31 10:30:50 lokeshwar-VirtualBox augenrules[484]: failure 1
Jul 31 10:30:50 lokeshwar-VirtualBox augenrules[484]: pid 436
Jul 31 10:30:50 lokeshwar-VirtualBox augenrules[484]: rate_limit 0
Jul 31 10:30:50 lokeshwar-VirtualBox augenrules[484]: backlog_limit 8192
Jul 31 10:30:50 lokeshwar-VirtualBox augenrules[484]: lost 0
Jul 31 10:30:50 lokeshwar-VirtualBox augenrules[484]: backlog 4
Jul 31 10:30:50 lokeshwar-VirtualBox augenrules[484]: backlog_wait_time 60000
Jul 31 10:30:50 lokeshwar-VirtualBox augenrules[484]: backlog_wait_time_actual 0
Jul 31 10:30:50 lokeshwar-VirtualBox augenrules[484]: enabled 1
Jul 31 10:30:50 lokeshwar-VirtualBox augenrules[484]: failure 1
Jul 31 10:30:50 lokeshwar-VirtualBox augenrules[484]: pid 436
Jul 31 10:30:50 lokeshwar-VirtualBox augenrules[484]: rate_limit 0
Jul 31 10:30:50 lokeshwar-VirtualBox augenrules[484]: backlog_limit 8192
Jul 31 10:30:50 lokeshwar-VirtualBox augenrules[484]: lost 0
Jul 31 10:30:50 lokeshwar-VirtualBox augenrules[484]: backlog 0
Jul 31 10:30:50 lokeshwar-VirtualBox augenrules[484]: backlog_wait_time 60000
Jul 31 10:30:50 lokeshwar-VirtualBox augenrules[484]: backlog_wait_time_actual 0
Jul 31 10:30:50 lokeshwar-VirtualBox augenrules[484]: enabled 1
Jul 31 10:30:50 lokeshwar-VirtualBox augenrules[484]: failure 1
Jul 31 10:30:50 lokeshwar-VirtualBox augenrules[484]: pid 436
Jul 31 10:30:50 lokeshwar-VirtualBox augenrules[484]: rate_limit 0
Jul 31 10:30:50 lokeshwar-VirtualBox augenrules[484]: backlog_limit 8192
Jul 31 10:30:50 lokeshwar-VirtualBox augenrules[484]: lost 0
Jul 31 10:30:50 lokeshwar-VirtualBox augenrules[484]: backlog 0
Jul 31 10:30:50 lokeshwar-VirtualBox augenrules[484]: backlog_wait_time 60000
Jul 31 10:30:50 lokeshwar-VirtualBox augenrules[484]: backlog_wait_time_actual 0
Jul 31 10:30:50 lokeshwar-VirtualBox systemd[1]: Started auditd.service - Security Auditing Service.
Jul 31 10:30:50 lokeshwar-VirtualBox systemd[1]: Starting systemd-update-utmp.service - Record System Boot/Shutdown in UTMP...
Jul 31 10:30:50 lokeshwar-VirtualBox systemd[1]: Finished systemd-update-utmp.service - Record System Boot/Shutdown in UTMP.
Jul 31 10:30:50 lokeshwar-VirtualBox systemd-resolved[432]: Using system hostname 'lokeshwar-VirtualBox'.
Jul 31 10:30:51 lokeshwar-VirtualBox systemd[1]: Started systemd-resolved.service - Network Name Resolution.
Jul 31 10:30:51 lokeshwar-VirtualBox systemd[1]: Reached target nss-lookup.target - Host and Network Name Lookups.
Jul 31 10:30:51 lokeshwar-VirtualBox apparmor.systemd[547]: Warning: found usr.sbin.sssd in /etc/apparmor.d/force-complain, forcing complain mode
Jul 31 10:30:51 lokeshwar-VirtualBox mtp-probe[544]: checking bus 1, device 2: "/sys/devices/pci0000:00/0000:00:06.0/usb1/1-1"
Jul 31 10:30:51 lokeshwar-VirtualBox mtp-probe[544]: bus: 1, device: 2 was not an MTP device
Jul 31 10:30:51 lokeshwar-VirtualBox apparmor.systemd[547]: Warning from /etc/apparmor.d (/etc/apparmor.d/usr.sbin.sssd line 63): Caching disabled for: 'usr.sbin.sssd' due to force complain
Jul 31 10:30:51 lokeshwar-VirtualBox systemd[1]: Finished apparmor.service - Load AppArmor profiles.
Jul 31 10:30:52 lokeshwar-VirtualBox systemd[1]: Starting snapd.apparmor.service - Load AppArmor profiles managed internally by snapd...
Jul 31 10:30:52 lokeshwar-VirtualBox (udev-worker)[416]: sda: Process '/usr/bin/unshare -m /usr/bin/snap auto-import --mount=/dev/sda' failed with exit code 1.
Jul 31 10:30:52 lokeshwar-VirtualBox (udev-worker)[475]: sr0: Process '/usr/bin/unshare -m /usr/bin/snap auto-import --mount=/dev/sr0' failed with exit code 1.
Jul 31 10:30:52 lokeshwar-VirtualBox kernel: cryptd: max_cpu_qlen set to 1000
Jul 31 10:30:52 lokeshwar-VirtualBox systemd[1]: Listening on systemd-rfkill.socket - Load/Save RF Kill Switch Status /dev/rfkill Watch.
Jul 31 10:30:52 lokeshwar-VirtualBox kernel: vboxguest: host-version: 7.1.12r169651 0x8000000f
Jul 31 10:30:52 lokeshwar-VirtualBox kernel: vbg_heartbeat_init: Setting up heartbeat to trigger every 2000 milliseconds
Jul 31 10:30:52 lokeshwar-VirtualBox snapd-apparmor[562]: main.go:146: Loading profiles [/var/lib/snapd/apparmor/profiles/snap-confine.snapd.23545 /var/lib/snapd/apparmor/profiles/snap-confine.snapd.24792 /var/lib/snapd/apparmor/profiles/snap-update-ns.firefox /var/lib/snapd/apparmor/profiles/snap-update-ns.firmware-updater /var/lib/snapd/apparmor/profiles/snap-update-ns.snap-store /var/lib/snapd/apparmor/profiles/snap-update-ns.snapd-desktop-integration /var/lib/snapd/apparmor/profiles/snap.firefox.firefox /var/lib/snapd/apparmor/profiles/snap.firefox.geckodriver /var/lib/snapd/apparmor/profiles/snap.firefox.hook.configure /var/lib/snapd/apparmor/profiles/snap.firefox.hook.disconnect-plug-host-hunspell /var/lib/snapd/apparmor/profiles/snap.firefox.hook.install /var/lib/snapd/apparmor/profiles/snap.firefox.hook.post-refresh /var/lib/snapd/apparmor/profiles/snap.firmware-updater.firmware-notifier /var/lib/snapd/apparmor/profiles/snap.firmware-updater.firmware-updater /var/lib/snapd/apparmor/profiles/snap.firmware-updater.firmware-updater-app /var/lib/snapd/apparmor/profiles/snap.firmware-updater.hook.configure /var/lib/snapd/apparmor/profiles/snap.snap-store.hook.configure /var/lib/snapd/apparmor/profiles/snap.snap-store.show-updates /var/lib/snapd/apparmor/profiles/snap.snap-store.snap-store /var/lib/snapd/apparmor/profiles/snap.snapd-desktop-integration.hook.configure /var/lib/snapd/apparmor/profiles/snap.snapd-desktop-integration.snapd-desktop-integration]
Jul 31 10:30:52 lokeshwar-VirtualBox kernel: piix4_smbus 0000:00:07.0: SMBus Host Controller at 0x4100, revision 0
Jul 31 10:30:52 lokeshwar-VirtualBox kernel: input: VirtualBox mouse integration as /devices/pci0000:00/0000:00:04.0/input/input7
Jul 31 10:30:52 lokeshwar-VirtualBox kernel: AES CTR mode by8 optimization enabled
Jul 31 10:30:53 lokeshwar-VirtualBox (udev-worker)[476]: sda2: Process '/usr/bin/unshare -m /usr/bin/snap auto-import --mount=/dev/sda2' failed with exit code 1.
Jul 31 10:30:53 lokeshwar-VirtualBox (udev-worker)[416]: sda1: Process '/usr/bin/unshare -m /usr/bin/snap auto-import --mount=/dev/sda1' failed with exit code 1.
Jul 31 10:30:54 lokeshwar-VirtualBox (udev-worker)[420]: vboxguest: /etc/udev/rules.d/60-vboxadd.rules:1 Only network interfaces can be renamed, ignoring NAME="vboxguest".
Jul 31 10:30:54 lokeshwar-VirtualBox (udev-worker)[418]: vboxuser: /etc/udev/rules.d/60-vboxadd.rules:2 Only network interfaces can be renamed, ignoring NAME="vboxuser".
Jul 31 10:30:54 lokeshwar-VirtualBox kernel: intel_rapl_common: Found RAPL domain package
Jul 31 10:30:54 lokeshwar-VirtualBox kernel: intel_rapl_common: Found RAPL domain core
Jul 31 10:30:54 lokeshwar-VirtualBox systemd[1]: Finished snapd.apparmor.service - Load AppArmor profiles managed internally by snapd.
Jul 31 10:30:54 lokeshwar-VirtualBox systemd[1]: Reached target sysinit.target - System Initialization.
Jul 31 10:30:54 lokeshwar-VirtualBox systemd[1]: apport-autoreport.path - Process error reports when automatic reporting is enabled (file watch) was skipped because of an unmet condition check (ConditionPathExists=/var/lib/apport/autoreport).
Jul 31 10:30:55 lokeshwar-VirtualBox systemd[1]: Started cups.path - CUPS Scheduler.
Jul 31 10:30:55 lokeshwar-VirtualBox systemd[1]: tpm-udev.path - Handle dynamically added tpm devices was skipped because of an unmet condition check (ConditionVirtualization=container).
Jul 31 10:30:55 lokeshwar-VirtualBox systemd[1]: Started whoopsie.path - Start whoopsie on modification of the /var/crash directory.
Jul 31 10:30:55 lokeshwar-VirtualBox systemd[1]: Started anacron.timer - Trigger anacron every hour.
Jul 31 10:30:55 lokeshwar-VirtualBox systemd[1]: apport-autoreport.timer - Process error reports when automatic reporting is enabled (timer based) was skipped because of an unmet condition check (ConditionPathExists=/var/lib/apport/autoreport).
Jul 31 10:30:55 lokeshwar-VirtualBox systemd[1]: Started apt-daily.timer - Daily apt download activities.
Jul 31 10:30:55 lokeshwar-VirtualBox systemd[1]: Started apt-daily-upgrade.timer - Daily apt upgrade and clean activities.
Jul 31 10:30:55 lokeshwar-VirtualBox systemd[1]: Started dpkg-db-backup.timer - Daily dpkg database backup timer.
Jul 31 10:30:55 lokeshwar-VirtualBox systemd[1]: Started e2scrub_all.timer - Periodic ext4 Online Metadata Check for All Filesystems.
Jul 31 10:30:55 lokeshwar-VirtualBox systemd[1]: Started fstrim.timer - Discard unused filesystem blocks once a week.
Jul 31 10:30:55 lokeshwar-VirtualBox systemd[1]: Started fwupd-refresh.timer - Refresh fwupd metadata regularly.
Jul 31 10:30:55 lokeshwar-VirtualBox systemd[1]: Started logrotate.timer - Daily rotation of log files.
Jul 31 10:30:55 lokeshwar-VirtualBox systemd[1]: Started man-db.timer - Daily man-db regeneration.
Jul 31 10:30:55 lokeshwar-VirtualBox systemd[1]: Started motd-news.timer - Message of the Day.
Jul 31 10:30:55 lokeshwar-VirtualBox systemd[1]: snapd.snap-repair.timer - Timer to automatically fetch and run repair assertions was skipped because no trigger condition checks were met.
Jul 31 10:30:55 lokeshwar-VirtualBox systemd[1]: Started sysstat-collect.timer - Run system activity accounting tool every 10 minutes.
Jul 31 10:30:55 lokeshwar-VirtualBox systemd[1]: Started sysstat-summary.timer - Generate summary of yesterday's process accounting.
Jul 31 10:30:55 lokeshwar-VirtualBox systemd[1]: Started systemd-tmpfiles-clean.timer - Daily Cleanup of Temporary Directories.
Jul 31 10:30:55 lokeshwar-VirtualBox systemd[1]: ua-timer.timer - Ubuntu Pro Timer for running repeated jobs was skipped because of an unmet condition check (ConditionPathExists=/var/lib/ubuntu-advantage/private/machine-token.json).
Jul 31 10:30:55 lokeshwar-VirtualBox systemd[1]: Reached target paths.target - Path Units.
Jul 31 10:30:55 lokeshwar-VirtualBox systemd[1]: apport-forward.socket - Unix socket for apport crash forwarding was skipped because of an unmet condition check (ConditionVirtualization=container).
Jul 31 10:30:55 lokeshwar-VirtualBox systemd[1]: Listening on avahi-daemon.socket - Avahi mDNS/DNS-SD Stack Activation Socket.
Jul 31 10:30:55 lokeshwar-VirtualBox systemd[1]: Listening on cups.socket - CUPS Scheduler.
Jul 31 10:30:55 lokeshwar-VirtualBox systemd[1]: Listening on dbus.socket - D-Bus System Message Bus Socket.
Jul 31 10:30:55 lokeshwar-VirtualBox systemd[1]: Starting snapd.socket - Socket activation for snappy daemon...
Jul 31 10:30:55 lokeshwar-VirtualBox systemd[1]: Listening on ssh.socket - OpenBSD Secure Shell server socket.
Jul 31 10:30:55 lokeshwar-VirtualBox systemd[1]: Listening on uuidd.socket - UUID daemon activation socket.
Jul 31 10:30:55 lokeshwar-VirtualBox systemd[1]: systemd-pcrphase-sysinit.service - TPM2 PCR Barrier (Initialization) was skipped because of an unmet condition check (ConditionSecurity=measured-uki).
Jul 31 10:30:55 lokeshwar-VirtualBox systemd[1]: Listening on snapd.socket - Socket activation for snappy daemon.
Jul 31 10:30:55 lokeshwar-VirtualBox systemd[1]: Reached target sockets.target - Socket Units.
Jul 31 10:30:55 lokeshwar-VirtualBox systemd[1]: Reached target basic.target - Basic System.
Jul 31 10:30:55 lokeshwar-VirtualBox systemd[1]: anacron.service - Run anacron jobs was skipped because of an unmet condition check (ConditionACPower=true).
Jul 31 10:30:55 lokeshwar-VirtualBox systemd[1]: Starting apport.service - automatic crash report generation...
Jul 31 10:30:55 lokeshwar-VirtualBox systemd[1]: Starting avahi-daemon.service - Avahi mDNS/DNS-SD Stack...
Jul 31 10:30:55 lokeshwar-VirtualBox systemd[1]: Starting dbus.service - D-Bus System Message Bus...
Jul 31 10:30:55 lokeshwar-VirtualBox systemd[1]: Started dmesg.service - Save initial kernel messages after boot.
Jul 31 10:30:55 lokeshwar-VirtualBox systemd[1]: Starting dpkg-db-backup.service - Daily dpkg database backup service...
Jul 31 10:30:55 lokeshwar-VirtualBox systemd[1]: Starting e2scrub_reap.service - Remove Stale Online ext4 Metadata Check Snapshots...
Jul 31 10:30:55 lokeshwar-VirtualBox systemd[1]: getty-static.service - getty on tty2-tty6 if dbus and logind are not available was skipped because of an unmet condition check (ConditionPathExists=!/usr/bin/dbus-daemon).
Jul 31 10:30:55 lokeshwar-VirtualBox systemd[1]: Reached target getty.target - Login Prompts.
Jul 31 10:30:55 lokeshwar-VirtualBox systemd[1]: Starting gnome-remote-desktop.service - GNOME Remote Desktop...
Jul 31 10:30:55 lokeshwar-VirtualBox avahi-daemon[708]: Found user 'avahi' (UID 108) and group 'avahi' (GID 111).
Jul 31 10:30:55 lokeshwar-VirtualBox systemd[1]: Starting gpu-manager.service - Detect the available GPUs and deal with any system changes...
Jul 31 10:30:55 lokeshwar-VirtualBox kernel: snd_intel8x0 0000:00:05.0: allow list rate for 1028:0177 is 48000
Jul 31 10:30:55 lokeshwar-VirtualBox systemd[1]: Starting grub-common.service - Record successful boot for GRUB...
Jul 31 10:30:55 lokeshwar-VirtualBox dbus-daemon[709]: dbus[709]: Unknown group "power" in message bus configuration file
Jul 31 10:30:55 lokeshwar-VirtualBox systemd[1]: networkd-dispatcher.service - Dispatcher daemon for systemd-networkd was skipped because no trigger condition checks were met.
Jul 31 10:30:56 lokeshwar-VirtualBox systemd[1]: Starting polkit.service - Authorization Manager...
Jul 31 10:30:56 lokeshwar-VirtualBox systemd[1]: Starting power-profiles-daemon.service - Power Profiles daemon...
Jul 31 10:30:56 lokeshwar-VirtualBox systemd[1]: Starting rsyslog.service - System Logging Service...
Jul 31 10:30:56 lokeshwar-VirtualBox systemd[1]: secureboot-db.service - Secure Boot updates for DB and DBX was skipped because of an unmet condition check (ConditionPathExists=/sys/firmware/efi/efivars/db-d719b2cb-3d3a-4596-a3bc-dad00e67656f).
Jul 31 10:30:56 lokeshwar-VirtualBox systemd[1]: snapd.core-fixup.service - Automatically repair incorrect owner/permissions on core devices was skipped because no trigger condition checks were met.
Jul 31 10:30:56 lokeshwar-VirtualBox systemd[1]: snapd.recovery-chooser-trigger.service - Wait for the Ubuntu Core chooser trigger was skipped because of an unmet condition check (ConditionKernelCommandLine=snapd_recovery_mode).
Jul 31 10:30:56 lokeshwar-VirtualBox systemd[1]: Reached target getty-pre.target - Preparation for Logins.
Jul 31 10:30:56 lokeshwar-VirtualBox dbus-daemon[709]: [system] AppArmor D-Bus mediation is enabled
Jul 31 10:30:56 lokeshwar-VirtualBox systemd[1]: Starting snapd.seeded.service - Wait until snapd is fully seeded...
Jul 31 10:30:56 lokeshwar-VirtualBox systemd[1]: Starting snapd.service - Snap Daemon...
Jul 31 10:30:56 lokeshwar-VirtualBox systemd[1]: ssl-cert.service - Generate snakeoil SSL keypair was skipped because of an unmet condition check (ConditionPathExists=!/etc/ssl/private/ssl-cert-snakeoil.key).
Jul 31 10:30:56 lokeshwar-VirtualBox systemd[1]: sssd.service - System Security Services Daemon was skipped because no trigger condition checks were met.
Jul 31 10:30:56 lokeshwar-VirtualBox systemd[1]: Reached target nss-user-lookup.target - User and Group Name Lookups.
Jul 31 10:30:56 lokeshwar-VirtualBox systemd[1]: sssd-nss.socket: Bound to unit sssd.service, but unit isn't active.
Jul 31 10:30:56 lokeshwar-VirtualBox systemd[1]: Dependency failed for sssd-nss.socket - SSSD NSS Service responder socket.
Jul 31 10:30:56 lokeshwar-VirtualBox systemd[1]: sssd-nss.socket: Job sssd-nss.socket/start failed with result 'dependency'.
Jul 31 10:30:56 lokeshwar-VirtualBox systemd[1]: sssd-autofs.socket: Bound to unit sssd.service, but unit isn't active.
Jul 31 10:30:56 lokeshwar-VirtualBox systemd[1]: Dependency failed for sssd-autofs.socket - SSSD AutoFS Service responder socket.
Jul 31 10:30:56 lokeshwar-VirtualBox systemd[1]: sssd-autofs.socket: Job sssd-autofs.socket/start failed with result 'dependency'.
Jul 31 10:30:56 lokeshwar-VirtualBox systemd[1]: sssd-pac.socket: Bound to unit sssd.service, but unit isn't active.
Jul 31 10:30:56 lokeshwar-VirtualBox systemd[1]: Dependency failed for sssd-pac.socket - SSSD PAC Service responder socket.
Jul 31 10:30:56 lokeshwar-VirtualBox systemd[1]: sssd-pac.socket: Job sssd-pac.socket/start failed with result 'dependency'.
Jul 31 10:30:56 lokeshwar-VirtualBox systemd[1]: sssd-pam-priv.socket: Bound to unit sssd.service, but unit isn't active.
Jul 31 10:30:56 lokeshwar-VirtualBox systemd[1]: Dependency failed for sssd-pam-priv.socket - SSSD PAM Service responder private socket.
Jul 31 10:30:56 lokeshwar-VirtualBox systemd[1]: Dependency failed for sssd-pam.socket - SSSD PAM Service responder socket.
Jul 31 10:30:56 lokeshwar-VirtualBox systemd[1]: sssd-pam.socket: Job sssd-pam.socket/start failed with result 'dependency'.
Jul 31 10:30:56 lokeshwar-VirtualBox systemd[1]: sssd-pam-priv.socket: Job sssd-pam-priv.socket/start failed with result 'dependency'.
Jul 31 10:30:56 lokeshwar-VirtualBox systemd[1]: sssd-ssh.socket: Bound to unit sssd.service, but unit isn't active.
Jul 31 10:30:56 lokeshwar-VirtualBox systemd[1]: Dependency failed for sssd-ssh.socket - SSSD SSH Service responder socket.
Jul 31 10:30:56 lokeshwar-VirtualBox systemd[1]: sssd-ssh.socket: Job sssd-ssh.socket/start failed with result 'dependency'.
Jul 31 10:30:56 lokeshwar-VirtualBox systemd[1]: sssd-sudo.socket: Bound to unit sssd.service, but unit isn't active.
Jul 31 10:30:56 lokeshwar-VirtualBox systemd[1]: Dependency failed for sssd-sudo.socket - SSSD Sudo Service responder socket.
Jul 31 10:30:56 lokeshwar-VirtualBox systemd[1]: sssd-sudo.socket: Job sssd-sudo.socket/start failed with result 'dependency'.
Jul 31 10:30:56 lokeshwar-VirtualBox systemd[1]: Starting accounts-daemon.service - Accounts Service...
Jul 31 10:30:56 lokeshwar-VirtualBox systemd[1]: Started cron.service - Regular background program processing daemon.
Jul 31 10:30:56 lokeshwar-VirtualBox systemd[1]: Starting switcheroo-control.service - Switcheroo Control Proxy service...
Jul 31 10:30:57 lokeshwar-VirtualBox systemd[1]: Starting sysstat.service - Resets System Activity Logs...
Jul 31 10:30:57 lokeshwar-VirtualBox dbus-daemon[709]: [system] Activating systemd to hand-off: service name='org.freedesktop.PolicyKit1' unit='polkit.service' requested by ':1.2' (uid=0 pid=729 comm="/usr/libexec/power-profiles-daemon" label="unconfined")
Jul 31 10:30:57 lokeshwar-VirtualBox systemd[1]: Starting systemd-logind.service - User Login Management...
Jul 31 10:30:57 lokeshwar-VirtualBox systemd[1]: systemd-pcrphase.service - TPM2 PCR Barrier (User) was skipped because of an unmet condition check (ConditionSecurity=measured-uki).
Jul 31 10:30:57 lokeshwar-VirtualBox systemd[1]: thermald.service - Thermal Daemon Service was skipped because of an unmet condition check (ConditionVirtualization=no).
Jul 31 10:30:57 lokeshwar-VirtualBox systemd[1]: ua-reboot-cmds.service - Ubuntu Pro reboot cmds was skipped because of an unmet condition check (ConditionPathExists=/var/lib/ubuntu-advantage/private/machine-token.json).
Jul 31 10:30:57 lokeshwar-VirtualBox systemd[1]: Starting udisks2.service - Disk Manager...
Jul 31 10:30:57 lokeshwar-VirtualBox (cron)[759]: cron.service: Referenced but unset environment variable evaluates to an empty string: EXTRA_OPTS
Jul 31 10:30:57 lokeshwar-VirtualBox cron[759]: (CRON) INFO (pidfile fd = 3)
Jul 31 10:30:57 lokeshwar-VirtualBox systemd[1]: Starting vboxadd.service...
Jul 31 10:30:57 lokeshwar-VirtualBox cron[759]: (CRON) INFO (Running @reboot jobs)
Jul 31 10:30:57 lokeshwar-VirtualBox systemd[1]: logrotate.service - Rotate log files was skipped because of an unmet condition check (ConditionACPower=true).
Jul 31 10:30:57 lokeshwar-VirtualBox systemd[1]: Started dbus.service - D-Bus System Message Bus.
Jul 31 10:30:57 lokeshwar-VirtualBox systemd[1]: e2scrub_reap.service: Deactivated successfully.
Jul 31 10:30:57 lokeshwar-VirtualBox systemd[1]: Finished e2scrub_reap.service - Remove Stale Online ext4 Metadata Check Snapshots.
Jul 31 10:30:58 lokeshwar-VirtualBox systemd-logind[768]: New seat seat0.
Jul 31 10:30:58 lokeshwar-VirtualBox systemd-logind[768]: Watching system buttons on /dev/input/event0 (Power Button)
Jul 31 10:30:58 lokeshwar-VirtualBox systemd-logind[768]: Watching system buttons on /dev/input/event1 (Sleep Button)
Jul 31 10:30:58 lokeshwar-VirtualBox systemd-logind[768]: Watching system buttons on /dev/input/event2 (AT Translated Set 2 keyboard)
Jul 31 10:30:58 lokeshwar-VirtualBox systemd[1]: Finished sysstat.service - Resets System Activity Logs.
Jul 31 10:30:58 lokeshwar-VirtualBox systemd[1]: Started systemd-logind.service - User Login Management.
Jul 31 10:30:59 lokeshwar-VirtualBox udisksd[774]: udisks daemon version 2.10.1 starting
Jul 31 10:30:59 lokeshwar-VirtualBox avahi-daemon[708]: Successfully dropped root privileges.
Jul 31 10:30:59 lokeshwar-VirtualBox avahi-daemon[708]: avahi-daemon 0.8 starting up.
Jul 31 10:30:59 lokeshwar-VirtualBox dbus-daemon[709]: [system] Successfully activated service 'org.freedesktop.systemd1'
Jul 31 10:30:59 lokeshwar-VirtualBox systemd[1]: Starting NetworkManager.service - Network Manager...
Jul 31 10:30:59 lokeshwar-VirtualBox avahi-daemon[708]: Successfully called chroot().
Jul 31 10:30:59 lokeshwar-VirtualBox avahi-daemon[708]: Successfully dropped remaining capabilities.
Jul 31 10:30:59 lokeshwar-VirtualBox avahi-daemon[708]: No service file found in /etc/avahi/services.
Jul 31 10:30:59 lokeshwar-VirtualBox avahi-daemon[708]: Joining mDNS multicast group on interface lo.IPv6 with address ::1.
Jul 31 10:30:59 lokeshwar-VirtualBox avahi-daemon[708]: New relevant interface lo.IPv6 for mDNS.
Jul 31 10:30:59 lokeshwar-VirtualBox avahi-daemon[708]: Joining mDNS multicast group on interface lo.IPv4 with address 127.0.0.1.
Jul 31 10:30:59 lokeshwar-VirtualBox avahi-daemon[708]: New relevant interface lo.IPv4 for mDNS.
Jul 31 10:30:59 lokeshwar-VirtualBox avahi-daemon[708]: Network interface enumeration completed.
Jul 31 10:30:59 lokeshwar-VirtualBox avahi-daemon[708]: Registering new address record for ::1 on lo.*.
Jul 31 10:30:59 lokeshwar-VirtualBox avahi-daemon[708]: Registering new address record for 127.0.0.1 on lo.IPv4.
Jul 31 10:30:59 lokeshwar-VirtualBox systemd[1]: anacron.service - Run anacron jobs was skipped because of an unmet condition check (ConditionACPower=true).
Jul 31 10:30:59 lokeshwar-VirtualBox systemd[1]: Starting wpa_supplicant.service - WPA supplicant...
Jul 31 10:30:59 lokeshwar-VirtualBox systemd[1]: Started switcheroo-control.service - Switcheroo Control Proxy service.
Jul 31 10:30:59 lokeshwar-VirtualBox systemd[1]: Started avahi-daemon.service - Avahi mDNS/DNS-SD Stack.
Jul 31 10:30:59 lokeshwar-VirtualBox systemd[1]: alsa-state.service - Manage Sound Card State (restore and store) was skipped because of an unmet condition check (ConditionPathExists=/etc/alsa/state-daemon.conf).
Jul 31 10:31:00 lokeshwar-VirtualBox polkitd[721]: Started polkitd version 124
Jul 31 10:31:00 lokeshwar-VirtualBox systemd[1]: Starting alsa-restore.service - Save/Restore Sound Card State...
Jul 31 10:31:00 lokeshwar-VirtualBox rsyslogd[810]: imuxsock: Acquired UNIX socket '/run/systemd/journal/syslog' (fd 3) from systemd.  [v8.2312.0]
Jul 31 10:31:00 lokeshwar-VirtualBox systemd[1]: Started rsyslog.service - System Logging Service.
Jul 31 10:31:00 lokeshwar-VirtualBox rsyslogd[810]: rsyslogd's groupid changed to 102
Jul 31 10:31:00 lokeshwar-VirtualBox rsyslogd[810]: rsyslogd's userid changed to 102
Jul 31 10:31:00 lokeshwar-VirtualBox rsyslogd[810]: [origin software="rsyslogd" swVersion="8.2312.0" x-pid="810" x-info="https://www.rsyslog.com"] start
Jul 31 10:31:00 lokeshwar-VirtualBox polkitd[721]: Loading rules from directory /etc/polkit-1/rules.d
Jul 31 10:31:00 lokeshwar-VirtualBox polkitd[721]: Loading rules from directory /usr/share/polkit-1/rules.d
Jul 31 10:31:00 lokeshwar-VirtualBox avahi-daemon[708]: Server startup complete. Host name is lokeshwar-VirtualBox.local. Local service cookie is 3388816760.
Jul 31 10:31:00 lokeshwar-VirtualBox systemd[1]: Started wpa_supplicant.service - WPA supplicant.
